Component: ARM Compiler 5.06 update 3 (build 300) Tool: armlink [4d35c9]

==============================================================================

Section Cross References

    hw_clock.o(i.F_Time_check) refers to hw_clock.o(.data) for u100ms
    hw_clock.o(i.u10msRunTask) refers to task.o(i.OptSys) for OptSys
    hw_clock.o(i.u10msRunTask) refers to hw_clock.o(.data) for u10msMain
    startup_stm32f071xb.o(STACK) refers (Special) to heapauxi.o(.text) for __use_two_region_memory
    startup_stm32f071xb.o(HEAP) refers (Special) to heapauxi.o(.text) for __use_two_region_memory
    startup_stm32f071xb.o(RESET) refers (Special) to heapauxi.o(.text) for __use_two_region_memory
    startup_stm32f071xb.o(RESET) refers to startup_stm32f071xb.o(STACK) for __initial_sp
    startup_stm32f071xb.o(RESET) refers to startup_stm32f071xb.o(.text) for Reset_Handler
    startup_stm32f071xb.o(RESET) refers to stm32f0xx_it.o(i.NMI_Handler) for NMI_Handler
    startup_stm32f071xb.o(RESET) refers to stm32f0xx_it.o(i.HardFault_Handler) for HardFault_Handler
    startup_stm32f071xb.o(RESET) refers to stm32f0xx_it.o(i.SVC_Handler) for SVC_Handler
    startup_stm32f071xb.o(RESET) refers to stm32f0xx_it.o(i.PendSV_Handler) for PendSV_Handler
    startup_stm32f071xb.o(RESET) refers to stm32f0xx_it.o(i.SysTick_Handler) for SysTick_Handler
    startup_stm32f071xb.o(RESET) refers to stm32f0xx_it.o(i.Default_IRQHandler) for Default_IRQHandler
    startup_stm32f071xb.o(RESET) refers to stm32f0xx_it.o(i.EXTI2_3_IRQHandler) for EXTI2_3_IRQHandler
    startup_stm32f071xb.o(RESET) refers to stm32f0xx_it.o(i.EXTI4_15_IRQHandler) for EXTI4_15_IRQHandler
    startup_stm32f071xb.o(RESET) refers to stm32f0xx_it.o(i.DMA1_Channel1_IRQHandler) for DMA1_Channel1_IRQHandler
    startup_stm32f071xb.o(RESET) refers to stm32f0xx_it.o(i.DMA1_Channel2_3_IRQHandler) for DMA1_Channel2_3_IRQHandler
    startup_stm32f071xb.o(RESET) refers to stm32f0xx_it.o(i.DMA1_Channel4_5_6_7_IRQHandler) for DMA1_Channel4_5_6_7_IRQHandler
    startup_stm32f071xb.o(RESET) refers to stm32f0xx_it.o(i.TIM1_CC_IRQHandler) for TIM1_CC_IRQHandler
    startup_stm32f071xb.o(RESET) refers to stm32f0xx_it.o(i.TIM2_IRQHandler) for TIM2_IRQHandler
    startup_stm32f071xb.o(RESET) refers to stm32f0xx_it.o(i.TIM3_IRQHandler) for TIM3_IRQHandler
    startup_stm32f071xb.o(RESET) refers to stm32f0xx_it.o(i.TIM14_IRQHandler) for TIM14_IRQHandler
    startup_stm32f071xb.o(RESET) refers to stm32f0xx_it.o(i.TIM15_IRQHandler) for TIM15_IRQHandler
    startup_stm32f071xb.o(RESET) refers to stm32f0xx_it.o(i.TIM16_IRQHandler) for TIM16_IRQHandler
    startup_stm32f071xb.o(RESET) refers to stm32f0xx_it.o(i.TIM17_IRQHandler) for TIM17_IRQHandler
    startup_stm32f071xb.o(RESET) refers to stm32f0xx_it.o(i.I2C1_IRQHandler) for I2C1_IRQHandler
    startup_stm32f071xb.o(RESET) refers to stm32f0xx_it.o(i.I2C2_IRQHandler) for I2C2_IRQHandler
    startup_stm32f071xb.o(RESET) refers to stm32f0xx_it.o(i.SPI1_IRQHandler) for SPI1_IRQHandler
    startup_stm32f071xb.o(RESET) refers to stm32f0xx_it.o(i.SPI2_IRQHandler) for SPI2_IRQHandler
    startup_stm32f071xb.o(RESET) refers to stm32f0xx_it.o(i.USART1_IRQHandler) for USART1_IRQHandler
    startup_stm32f071xb.o(RESET) refers to stm32f0xx_it.o(i.USART2_IRQHandler) for USART2_IRQHandler
    startup_stm32f071xb.o(RESET) refers to stm32f0xx_it.o(i.USART3_4_IRQHandler) for USART3_4_IRQHandler
    startup_stm32f071xb.o(.text) refers (Special) to heapauxi.o(.text) for __use_two_region_memory
    startup_stm32f071xb.o(.text) refers to system_stm32f0xx.o(i.SystemInit) for SystemInit
    startup_stm32f071xb.o(.text) refers to __main.o(!!!main) for __main
    startup_stm32f071xb.o(.text) refers to startup_stm32f071xb.o(HEAP) for Heap_Mem
    startup_stm32f071xb.o(.text) refers to startup_stm32f071xb.o(STACK) for Stack_Mem
    system_stm32f0xx.o(i.SystemCoreClockUpdate) refers to aeabi_sdivfast.o(.text) for __aeabi_uidivmod
    system_stm32f0xx.o(i.SystemCoreClockUpdate) refers to system_stm32f0xx.o(.data) for SystemCoreClock
    system_stm32f0xx.o(i.SystemCoreClockUpdate) refers to system_stm32f0xx.o(.constdata) for AHBPrescTable
    logic.o(i.EEPROMREAD) refers to bsp.o(i.hfim5_eeprom_get_state) for hfim5_eeprom_get_state
    logic.o(i.EEPROMREAD) refers to bsp.o(i.hfim5_eeprom_read) for hfim5_eeprom_read
    logic.o(i.EEPROMREAD) refers to logic.o(.data) for SetFinish
    logic.o(i.EEPROMREAD) refers to main.o(.bss) for DataRead
    logic.o(i.EEPROMSET) refers to bsp.o(i.hfim5_eeprom_get_state) for hfim5_eeprom_get_state
    logic.o(i.EEPROMSET) refers to bsp.o(i.hfim5_eeprom_page_write) for hfim5_eeprom_page_write
    logic.o(i.EEPROMSET) refers to logic.o(.data) for count
    logic.o(i.EEPROMSET) refers to main.o(.bss) for Data
    logic.o(i.Init_Thread) refers to task.o(i.AddThreadList) for AddThreadList
    logic.o(i.Init_Thread) refers to logic.o(i.EEPROMSET) for EEPROMSET
    logic.o(i.Init_Thread) refers to logic.o(i.EEPROMREAD) for EEPROMREAD
[...]
    I2C_TransferConfig                       0x08004729   Thumb Code   148  stm32f0xx_hal_i2c.o(i.I2C_TransferConfig)
    i.I2C_WaitOnFlagUntilTimeout             0x080047fc   Section        0  stm32f0xx_hal_i2c.o(i.I2C_WaitOnFlagUntilTimeout)
    I2C_WaitOnFlagUntilTimeout               0x080047fd   Thumb Code    82  stm32f0xx_hal_i2c.o(i.I2C_WaitOnFlagUntilTimeout)
    i.I2C_WaitOnTXISFlagUntilTimeout         0x0800484e   Section        0  stm32f0xx_hal_i2c.o(i.I2C_WaitOnTXISFlagUntilTimeout)
    I2C_WaitOnTXISFlagUntilTimeout           0x0800484f   Thumb Code    96  stm32f0xx_hal_i2c.o(i.I2C_WaitOnTXISFlagUntilTimeout)
    i.IC_IRQHandler                          0x080048b0   Section        0  ic.o(i.IC_IRQHandler)
    i.Init_Thread                            0x080049bc   Section        0  logic.o(i.Init_Thread)
    i.NMI_Handler                            0x080049f0   Section        0  stm32f0xx_it.o(i.NMI_Handler)
    i.NVIC_SetPriority                       0x080049f4   Section        0  stm32f0xx_hal_cortex.o(i.NVIC_SetPriority)
    NVIC_SetPriority                         0x080049f5   Thumb Code   110  stm32f0xx_hal_cortex.o(i.NVIC_SetPriority)
    i.OptSys                                 0x08004a6c   Section        0  task.o(i.OptSys)
    i.PendSV_Handler                         0x08004ab4   Section        0  stm32f0xx_it.o(i.PendSV_Handler)
    i.ReadCrc                                0x08004ab8   Section        0  logic.o(i.ReadCrc)
    i.ResetTask                              0x08004b2c   Section        0  task.o(i.ResetTask)
    ResetTask                                0x08004b2d   Thumb Code    34  task.o(i.ResetTask)
    i.RunTask                                0x08004b54   Section        0  task.o(i.RunTask)
    i.RunTmr_Task                            0x08004bc4   Section        0  scheduler.o(i.RunTmr_Task)
    RunTmr_Task                              0x08004bc5   Thumb Code   114  scheduler.o(i.RunTmr_Task)
    i.SPI1_IRQHandler                        0x08004c38   Section        0  stm32f0xx_it.o(i.SPI1_IRQHandler)
    i.SPI2_IRQHandler                        0x08004c54   Section        0  stm32f0xx_it.o(i.SPI2_IRQHandler)
    i.SVC_Handler                            0x08004c70   Section        0  stm32f0xx_it.o(i.SVC_Handler)
    i.Schedule                               0x08004c74   Section        0  scheduler.o(i.Schedule)
    i.Scheduler_Init                         0x08004cec   Section        0  scheduler.o(i.Scheduler_Init)
    i.SysTick_Handler                        0x08004d84   Section        0  stm32f0xx_it.o(i.SysTick_Handler)
    i.SystemInit                             0x08004d90   Section        0  system_stm32f0xx.o(i.SystemInit)
    i.TIM14_IRQHandler                       0x08004e08   Section        0  stm32f0xx_it.o(i.TIM14_IRQHandler)
    i.TIM15_IRQHandler                       0x08004e24   Section        0  stm32f0xx_it.o(i.TIM15_IRQHandler)
    i.TIM16_IRQHandler                       0x08004e40   Section        0  stm32f0xx_it.o(i.TIM16_IRQHandler)
    i.TIM17_IRQHandler                       0x08004e5c   Section        0  stm32f0xx_it.o(i.TIM17_IRQHandler)
    i.TIM1_CC_IRQHandler                     0x08004e78   Section        0  stm32f0xx_it.o(i.TIM1_CC_IRQHandler)
    i.TIM2_IRQHandler                        0x08004e88   Section        0  stm32f0xx_it.o(i.TIM2_IRQHandler)
    i.TIM3_IRQHandler                        0x08004e94   Section        0  stm32f0xx_it.o(i.TIM3_IRQHandler)
    i.TIM_Base_SetConfig                     0x08004ea4   Section        0  stm32f0xx_hal_tim.o(i.TIM_Base_SetConfig)
    i.TIM_CCxChannelCmd                      0x08004f48   Section        0  stm32f0xx_hal_tim.o(i.TIM_CCxChannelCmd)
    i.Test                                   0x0800500c   Section        0  logic.o(i.Test)
    i.USART1_IRQHandler                      0x08005020   Section        0  stm32f0xx_it.o(i.USART1_IRQHandler)
    i.USART2_IRQHandler                      0x0800503c   Section        0  stm32f0xx_it.o(i.USART2_IRQHandler)
    i.USART3_4_IRQHandler                    0x08005058   Section        0  stm32f0xx_it.o(i.USART3_4_IRQHandler)
    i.USR_GPIO_EXTI_IRQHandler               0x08005080   Section        0  di.o(i.USR_GPIO_EXTI_IRQHandler)
    i.USR_RS485Ex_Init                       0x08005114   Section        0  uart.o(i.USR_RS485Ex_Init)
    USR_RS485Ex_Init                         0x08005115   Thumb Code   422  uart.o(i.USR_RS485Ex_Init)
    i.USR_SPI_IRQHandler                     0x080052e0   Section        0  spi.o(i.USR_SPI_IRQHandler)
    i.USR_SPI_Init                           0x080053dc   Section        0  spi.o(i.USR_SPI_Init)
    USR_SPI_Init                             0x080053dd   Thumb Code   180  spi.o(i.USR_SPI_Init)
    i.USR_UART_IRQHandler                    0x08005494   Section        0  uart.o(i.USR_UART_IRQHandler)
    i.__ARM_common_ll_muluu                  0x08005748   Section        0  hw_tmr.o(i.__ARM_common_ll_muluu)
    i.adc_create                             0x0800577c   Section        0  adc.o(i.adc_create)
    i.adc_get_filter_value                   0x080058e8   Section        0  adc.o(i.adc_get_filter_value)
    i.adc_run                                0x08005918   Section        0  adc.o(i.adc_run)
    i.assert_failed                          0x08005a2c   Section        0  bsp.o(i.assert_failed)
    i.dac_create                             0x08005a30   Section        0  dac.o(i.dac_create)
    i.di_config                              0x08005acc   Section        0  di.o(i.di_config)
    di_config                                0x08005acd   Thumb Code   182  di.o(i.di_config)
    i.digit_in_create                        0x08005b94   Section        0  di.o(i.digit_in_create)
    i.digit_in_filter_read                   0x08005be0   Section        0  di.o(i.digit_in_filter_read)
    i.digit_in_run                           0x08005c0c   Section        0  di.o(i.digit_in_run)
    i.digit_in_set_mode                      0x08005c90   Section        0  di.o(i.digit_in_set_mode)
    i.digit_out_create                       0x08005ccc   Section        0  do.o(i.digit_out_create)
    i.digit_out_output                       0x08005d34   Section        0  do.o(i.digit_out_output)
    i.dis_set_exit_callback                  0x08005d6c   Section        0  di.o(i.dis_set_exit_callback)
    i.gpio_clk_enabled                       0x08005d78   Section        0  di.o(i.gpio_clk_enabled)
    i.hfim5_100ms_task                       0x08005e24   Section        0  bsp.o(i.hfim5_100ms_task)
    hfim5_100ms_task                         0x08005e25   Thumb Code   102  bsp.o(i.hfim5_100ms_task)
    i.hfim5_10ms_task                        0x08005e98   Section        0  bsp.o(i.hfim5_10ms_task)
    hfim5_10ms_task                          0x08005e99   Thumb Code    70  bsp.o(i.hfim5_10ms_task)
    i.hfim5_bsp_tmr_ontime                   0x08005ee8   Section        0  bsp.o(i.hfim5_bsp_tmr_ontime)
    hfim5_bsp_tmr_ontime                     0x08005ee9   Thumb Code    50  bsp.o(i.hfim5_bsp_tmr_ontime)
    i.hfim5_do_output                        0x08005f20   Section        0  bsp.o(i.hfim5_do_output)
    i.hfim5_eeprom_get_state                 0x08005f30   Section        0  bsp.o(i.hfim5_eeprom_get_state)
    i.hfim5_eeprom_page_write                0x08005f44   Section        0  bsp.o(i.hfim5_eeprom_page_write)
    i.hfim5_eeprom_read                      0x08005f64   Section        0  bsp.o(i.hfim5_eeprom_read)
    i.hfim5_init                             0x08005f84   Section        0  bsp.o(i.hfim5_init)
    i.hfim5_on_rx_a_data                     0x0800628c   Section        0  bsp.o(i.hfim5_on_rx_a_data)
    hfim5_on_rx_a_data                       0x0800628d   Thumb Code    74  bsp.o(i.hfim5_on_rx_a_data)
    i.hfim5_run                              0x080062e0   Section        0  bsp.o(i.hfim5_run)
    i.hfim5_rx_frame_callback                0x0800630c   Section        0  bsp.o(i.hfim5_rx_frame_callback)
    hfim5_rx_frame_callback                  0x0800630d   Thumb Code    66  bsp.o(i.hfim5_rx_frame_callback)
    i.hfim5_spi_error_callback               0x08006358   Section        0  bsp.o(i.hfim5_spi_error_callback)
    hfim5_spi_error_callback                 0x08006359   Thumb Code    14  bsp.o(i.hfim5_spi_error_callback)
    i.hfim5_spi_on_rx_a_data                 0x0800636c   Section        0  bsp.o(i.hfim5_spi_on_rx_a_data)
    hfim5_spi_on_rx_a_data                   0x0800636d   Thumb Code    14  bsp.o(i.hfim5_spi_on_rx_a_data)
    i.hfim5_spi_rx_frame_callback            0x08006380   Section        0  bsp.o(i.hfim5_spi_rx_frame_callback)
    hfim5_spi_rx_frame_callback              0x08006381   Thumb Code    14  bsp.o(i.hfim5_spi_rx_frame_callback)
    i.hfim5_spi_tx_cplt_callback             0x08006394   Section        0  bsp.o(i.hfim5_spi_tx_cplt_callback)
    hfim5_spi_tx_cplt_callback               0x08006395   Thumb Code    12  bsp.o(i.hfim5_spi_tx_cplt_callback)
    i.hfim5_tx_cplt_callback                 0x080063a4   Section        0  bsp.o(i.hfim5_tx_cplt_callback)
    hfim5_tx_cplt_callback                   0x080063a5   Thumb Code    64  bsp.o(i.hfim5_tx_cplt_callback)
    i.hfim5_uart_error_callback              0x080063ec   Section        0  bsp.o(i.hfim5_uart_error_callback)
    hfim5_uart_error_callback                0x080063ed   Thumb Code    66  bsp.o(i.hfim5_uart_error_callback)
    i.hfim5_uart_init                        0x08006438   Section        0  bsp.o(i.hfim5_uart_init)
    hfim5_uart_init                          0x08006439   Thumb Code    92  bsp.o(i.hfim5_uart_init)
    i.hfim5_usr_tmr_ontime                   0x080064a4   Section        0  bsp.o(i.hfim5_usr_tmr_ontime)
    hfim5_usr_tmr_ontime                     0x080064a5   Thumb Code    12  bsp.o(i.hfim5_usr_tmr_ontime)
    i.hfim5_usr_tmr_run                      0x080064b4   Section        0  bsp.o(i.hfim5_usr_tmr_run)
    i.hw_tmr_config                          0x080064c8   Section        0  hw_tmr.o(i.hw_tmr_config)
    hw_tmr_config                            0x080064c9   Thumb Code    72  hw_tmr.o(i.hw_tmr_config)
    i.hw_tmr_create                          0x08006514   Section        0  hw_tmr.o(i.hw_tmr_create)
    i.hw_tmr_run                             0x08006600   Section        0  hw_tmr.o(i.hw_tmr_run)
    i.i2c_create                             0x08006638   Section        0  i2c.o(i.i2c_create)
    i.i2c_get_state                          0x08006804   Section        0  i2c.o(i.i2c_get_state)
    i.i2c_mem_read                           0x0800682c   Section        0  i2c.o(i.i2c_mem_read)
    i.i2c_mem_write                          0x0800688c   Section        0  i2c.o(i.i2c_mem_write)
    i.ic_create                              0x080068ec   Section        0  ic.o(i.ic_create)
    i.ic_read_captured_value                 0x08006b38   Section        0  ic.o(i.ic_read_captured_value)
    i.ic_run                                 0x08006b8c   Section        0  ic.o(i.ic_run)
    i.ic_stop                                0x08006bfc   Section        0  ic.o(i.ic_stop)
    i.iwdg_feed                              0x08006c60   Section        0  iwdg.o(i.iwdg_feed)
    i.iwdg_init                              0x08006c7c   Section        0  iwdg.o(i.iwdg_init)
    i.main                                   0x08006cd8   Section        0  main.o(i.main)
    i.po_create                              0x08006d2c   Section        0  phaseorder.o(i.po_create)
    i.po_get_result                          0x08006d68   Section        0  phaseorder.o(i.po_get_result)
    i.po_ic_callback                         0x08006d7c   Section        0  phaseorder.o(i.po_ic_callback)
    i.po_run                                 0x08006f58   Section        0  phaseorder.o(i.po_run)
    i.po_set_enable                          0x08007000   Section        0  phaseorder.o(i.po_set_enable)
    i.spi_chk_timeouts                       0x08007078   Section        0  spi.o(i.spi_chk_timeouts)
    i.spi_create                             0x080070e0   Section        0  spi.o(i.spi_create)
    i.tm_config                              0x08007218   Section        0  tachometer.o(i.tm_config)
    i.tm_create                              0x08007284   Section        0  tachometer.o(i.tm_create)
    i.tm_exti_callback                       0x080072e4   Section        0  tachometer.o(i.tm_exti_callback)
    tm_exti_callback                         0x080072e5   Thumb Code   374  tachometer.o(i.tm_exti_callback)
    i.tm_get_rpm                             0x08007464   Section        0  tachometer.o(i.tm_get_rpm)
    i.tm_run                                 0x080074f4   Section        0  tachometer.o(i.tm_run)
    i.u10msRunTask                           0x080075a4   Section        0  hw_clock.o(i.u10msRunTask)
    i.uart_config                            0x080075b8   Section        0  uart.o(i.uart_config)
    uart_config                              0x080075b9   Thumb Code    94  uart.o(i.uart_config)
    i.uart_create                            0x08007618   Section        0  uart.o(i.uart_create)
    i.uarts_chk_timeouts                     0x080077b8   Section        0  uart.o(i.uarts_chk_timeouts)
    i.usr_tmr_ontime                         0x0800782c   Section        0  main.o(i.usr_tmr_ontime)
    usr_tmr_ontime                           0x0800782d   Thumb Code    12  main.o(i.usr_tmr_ontime)
    .constdata                               0x0800783c   Section       24  system_stm32f0xx.o(.constdata)
    .constdata                               0x08007854   Section      232  main.o(.constdata)
    bsp_init                                 0x08007854   Data         232  main.o(.constdata)
    .constdata                               0x0800793c   Section      856  bsp.o(.constdata)
    di_cfgs                                  0x0800793c   Data         128  bsp.o(.constdata)
    do_cfgs                                  0x080079bc   Data         144  bsp.o(.constdata)
    do_init_vals                             0x08007a4c   Data          18  bsp.o(.constdata)
    adc_cfgs                                 0x08007a60   Data         168  bsp.o(.constdata)
    dac_cfgs                                 0x08007b08   Data          24  bsp.o(.constdata)
    i2c_cfg                                  0x08007b20   Data          28  bsp.o(.constdata)
    uart_cfgs                                0x08007b3c   Data         224  bsp.o(.constdata)
    hfim5_uart_callbacks                     0x08007c1c   Data          16  bsp.o(.constdata)
    ic_cfgs                                  0x08007c2c   Data          60  bsp.o(.constdata)
    spi_cfg                                  0x08007c68   Data          44  bsp.o(.constdata)
    .constdata                               0x08007c94   Section        9  phaseorder.o(.constdata)
    phase_tab                                0x08007c94   Data           9  phaseorder.o(.constdata)
    .data                                    0x20000000   Section       11  hw_clock.o(.data)
    .data                                    0x2000000c   Section        4  system_stm32f0xx.o(.data)
    .data                                    0x20000010   Section       20  logic.o(.data)
    .data                                    0x20000024   Section        2  task.o(.data)
    MSec_100Ctr                              0x20000024   Data           1  task.o(.data)
    SecCtr                                   0x20000025   Data           1  task.o(.data)
    .data                                    0x20000028   Section       32  bsp.o(.data)
    spi_handle                               0x20000028   Data           1  bsp.o(.data)
    inited                                   0x20000029   Data           1  bsp.o(.data)
    i2c_handle                               0x2000002a   Data           1  bsp.o(.data)
    bsp_tmr                                  0x2000002b   Data           1  bsp.o(.data)
    usr_tmr                                  0x2000002c   Data           1  bsp.o(.data)
    ao_handles                               0x2000002d   Data           2  bsp.o(.data)
    tm_handles                               0x2000002f   Data           3  bsp.o(.data)
    ics                                      0x20000032   Data           3  bsp.o(.data)
    usr_tmr_ontime                           0x20000038   Data           4  bsp.o(.data)
    uart_handles                             0x2000003c   Data           4  bsp.o(.data)
    inputs                                   0x20000040   Data           4  bsp.o(.data)
    last_tick                                0x20000044   Data           4  bsp.o(.data)
    .data                                    0x20000048   Section       12  adc.o(.data)
    adc_ctr                                  0x20000048   Data           1  adc.o(.data)
    conv_cplt                                0x20000049   Data           1  adc.o(.data)
    adcs_val_changed                         0x2000004c   Data           4  adc.o(.data)
    inited                                   0x20000050   Data           4  adc.o(.data)
    .data                                    0x20000054   Section        2  dac.o(.data)
    dac_ctr                                  0x20000054   Data           1  dac.o(.data)
    inited                                   0x20000055   Data           1  dac.o(.data)
    .data                                    0x20000058   Section       12  di.o(.data)
    digit_ctr                                0x20000058   Data           1  di.o(.data)
    dis_val_changed                          0x2000005c   Data           4  di.o(.data)
    dis_exti_callback                        0x20000060   Data           4  di.o(.data)
    .data                                    0x20000064   Section        1  do.o(.data)
    digit_ctr                                0x20000064   Data           1  do.o(.data)
    .data                                    0x20000065   Section        5  hw_tmr.o(.data)
    tmr_ctr                                  0x20000065   Data           1  hw_tmr.o(.data)
    .data                                    0x2000006a   Section        1  i2c.o(.data)
    i2c_ctr                                  0x2000006a   Data           1  i2c.o(.data)
    .data                                    0x2000006b   Section       13  ic.o(.data)
    ic_ctr                                   0x2000006b   Data           1  ic.o(.data)
    channel_ic_handle                        0x2000006c   Data          12  ic.o(.data)
    .data                                    0x20000078   Section        4  iwdg.o(.data)
    timeouts                                 0x20000078   Data           4  iwdg.o(.data)
    .data                                    0x2000007c   Section        3  spi.o(.data)
    spi_ctr                                  0x2000007c   Data           1  spi.o(.data)
    .data                                    0x2000007f   Section        5  uart.o(.data)
    uart_ctr                                 0x2000007f   Data           1  uart.o(.data)
    .data                                    0x20000084   Section        1  phaseorder.o(.data)
    created                                  0x20000084   Data           1  phaseorder.o(.data)
    .data                                    0x20000085   Section        3  scheduler.o(.data)
    MSec_100Ctr                              0x20000085   Data           1  scheduler.o(.data)
    SecCtr                                   0x20000086   Data           1  scheduler.o(.data)
    MinCtr                                   0x20000087   Data           1  scheduler.o(.data)
    .data                                    0x20000088   Section        2  tachometer.o(.data)
    meter_ctr                                0x20000088   Data           2  tachometer.o(.data)
    .data                                    0x2000008c   Section        4  stm32f0xx_hal.o(.data)
    .bss                                     0x20000090   Section      324  logic.o(.bss)
    .bss                                     0x200001d4   Section      128  main.o(.bss)
    .bss                                     0x20000254   Section      256  task.o(.bss)
    gsProcess                                0x20000254   Data         256  task.o(.bss)
    .bss                                     0x20000354   Section      172  bsp.o(.bss)
    uart_callbacks                           0x20000354   Data          64  bsp.o(.bss)
    spi_callbacks                            0x20000394   Data          16  bsp.o(.bss)
    di_handles                               0x200003a4   Data          16  bsp.o(.bss)
    do_handles                               0x200003b4   Data          18  bsp.o(.bss)
    ai_handles                               0x200003c6   Data          14  bsp.o(.bss)
    bsp_tmr_task                             0x200003d4   Data          44  bsp.o(.bss)
    .bss                                     0x20000400   Section      492  adc.o(.bss)
    DmaHandle                                0x20000400   Data          60  adc.o(.bss)
    adcs                                     0x2000043c   Data         272  adc.o(.bss)
    channel_to_ids                           0x2000058c   Data          18  adc.o(.bss)
    .bss                                     0x200005ec   Section       36  dac.o(.bss)
    dacs                                     0x200005ec   Data          16  dac.o(.bss)
    hdac                                     0x200005fc   Data          20  dac.o(.bss)
    .bss                                     0x20000610   Section      192  di.o(.bss)
    digit_ins                                0x20000610   Data         192  di.o(.bss)
    .bss                                     0x200006d0   Section      144  do.o(.bss)
    digit_outs                               0x200006d0   Data         144  do.o(.bss)
    .bss                                     0x20000760   Section       40  hw_tmr.o(.bss)
    tmrs                                     0x20000760   Data          40  hw_tmr.o(.bss)
    .bss                                     0x20000788   Section      416  i2c.o(.bss)
    i2cs                                     0x20000820   Data          24  i2c.o(.bss)
    hdma_txs                                 0x20000838   Data         120  i2c.o(.bss)
    hdma_rxs                                 0x200008b0   Data         120  i2c.o(.bss)
    .bss                                     0x20000928   Section       48  ic.o(.bss)
    ics                                      0x20000928   Data          48  ic.o(.bss)
    .bss                                     0x20000958   Section       20  iwdg.o(.bss)
    iwdg                                     0x20000958   Data          20  iwdg.o(.bss)
    .bss                                     0x2000096c   Section       60  spi.o(.bss)
    spis                                     0x2000096c   Data          60  spi.o(.bss)
    .bss                                     0x200009a8   Section      256  uart.o(.bss)
    uarts                                    0x200009a8   Data         256  uart.o(.bss)
    .bss                                     0x20000aa8   Section       66  phaseorder.o(.bss)
    phase_order                              0x20000aa8   Data          66  phaseorder.o(.bss)
    .bss                                     0x20000aea   Section      244  scheduler.o(.bss)
    Tmr_10ms                                 0x20000aea   Data          61  scheduler.o(.bss)
    Tmr_100ms                                0x20000b27   Data          61  scheduler.o(.bss)
    Tmr_1Sec                                 0x20000b64   Data          61  scheduler.o(.bss)
    Tmr_1Min                                 0x20000ba1   Data          61  scheduler.o(.bss)
    .bss                                     0x20000bde   Section      132  tachometer.o(.bss)
    meters                                   0x20000bde   Data         132  tachometer.o(.bss)
    .bss                                     0x20000c64   Section       96  libspace.o(.bss)
    HEAP                                     0x20000cc8   Section      512  startup_stm32f071xb.o(HEAP)
    Heap_Mem                                 0x20000cc8   Data         512  startup_stm32f071xb.o(HEAP)
    STACK                                    0x20000ec8   Section     1024  startup_stm32f071xb.o(STACK)
    Stack_Mem                                0x20000ec8   Data        1024  startup_stm32f071xb.o(STACK)
    __initial_sp                             0x200012c8   Data           0  startup_stm32f071xb.o(STACK)

    Global Symbols

    Symbol Name                              Value     Ov Type        Size  Object(Section)

    BuildAttributes$$THM_ISAv3M$S$PE$A:L22$X:L11$S22$IEEE1$IW$USESV6$~STKCKD$USESV7$~SHL$OTIME$ROPI$EBA8$UX$STANDARDLIB$REQ8$PRES8$EABIv2 0x00000000   Number         0  anon$$obj.o ABSOLUTE
    __ARM_use_no_argv                        0x00000000   Number         0  main.o ABSOLUTE
    __ARM_exceptions_init                     - Undefined Weak Reference
    __alloca_initialize                       - Undefined Weak Reference
    __arm_preinit_                            - Undefined Weak Reference
    __cpp_initialize__aeabi_                  - Undefined Weak Reference
    __cxa_finalize                            - Undefined Weak Reference
    __rt_locale                               - Undefined Weak Reference
    __sigvec_lookup                           - Undefined Weak Reference
    _atexit_init                              - Undefined Weak Reference
    _call_atexit_fns                          - Undefined Weak Reference
    _clock_init                               - Undefined Weak Reference
    _fp_trap_init                             - Undefined Weak Reference
    _fp_trap_shutdown                         - Undefined Weak Reference
    _get_lc_collate                           - Undefined Weak Reference
    _get_lc_ctype                             - Undefined Weak Reference
    _get_lc_monetary                          - Undefined Weak Reference
    _get_lc_numeric                           - Undefined Weak Reference
    _get_lc_time                              - Undefined Weak Reference
    _getenv_init                              - Undefined Weak Reference
    _handle_redirection                       - Undefined Weak Reference
    _init_alloc                               - Undefined Weak Reference
    _init_user_alloc                          - Undefined Weak Reference
    _initio                                   - Undefined Weak Reference
    _rand_init                                - Undefined Weak Reference
    _signal_finish                            - Undefined Weak Reference
    _signal_init                              - Undefined Weak Reference
    _terminate_alloc                          - Undefined Weak Reference
    _terminate_user_alloc                     - Undefined Weak Reference
    _terminateio                              - Undefined Weak Reference
    __Vectors_Size                           0x000000bc   Number         0  startup_stm32f071xb.o ABSOLUTE
    __Vectors                                0x08000000   Data           4  startup_stm32f071xb.o(RESET)
    __Vectors_End                            0x080000bc   Data           0  startup_stm32f071xb.o(RESET)
    __main                                   0x080000bd   Thumb Code     8  __main.o(!!!main)
    __scatterload                            0x080000c5   Thumb Code     0  __scatter.o(!!!scatter)
    __scatterload_rt2                        0x080000c5   Thumb Code    52  __scatter.o(!!!scatter)
    __scatterload_rt2_thumb_only             0x080000c5   Thumb Code     0  __scatter.o(!!!scatter)
    __scatterload_null                       0x080000d5   Thumb Code     0  __scatter.o(!!!scatter)
    __scatterload_copy                       0x08000101   Thumb Code    26  __scatter_copy.o(!!handler_copy)
    __scatterload_zeroinit                   0x0800011d   Thumb Code    28  __scatter_zi.o(!!handler_zi)
    __rt_lib_init                            0x08000139   Thumb Code     0  libinit.o(.ARM.Collect$$libinit$$00000000)
    __rt_lib_init_alloca_1                   0x0800013b   Thumb Code     0  libinit2.o(.ARM.Collect$$libinit$$0000002E)
    __rt_lib_init_argv_1                     0x0800013b   Thumb Code     0  libinit2.o(.ARM.Collect$$libinit$$0000002C)
    __rt_lib_init_atexit_1                   0x0800013b   Thumb Code     0  libinit2.o(.ARM.Collect$$libinit$$0000001B)
    __rt_lib_init_clock_1                    0x0800013b   Thumb Code     0  libinit2.o(.ARM.Collect$$libinit$$00000021)
    __rt_lib_init_cpp_1                      0x0800013b   Thumb Code     0  libinit2.o(.ARM.Collect$$libinit$$00000032)
    __rt_lib_init_exceptions_1               0x0800013b   Thumb Code     0  libinit2.o(.ARM.Collect$$libinit$$00000030)
    __rt_lib_init_fp_1                       0x0800013b   Thumb Code     0  libinit2.o(.ARM.Collect$$libinit$$00000002)
    __rt_lib_init_fp_trap_1                  0x0800013b   Thumb Code     0  libinit2.o(.ARM.Collect$$libinit$$0000001F)
    __rt_lib_init_getenv_1                   0x0800013b   Thumb Code     0  libinit2.o(.ARM.Collect$$libinit$$00000023)
    __rt_lib_init_heap_1                     0x0800013b   Thumb Code     0  libinit2.o(.ARM.Collect$$libinit$$0000000A)
    __rt_lib_init_lc_collate_1               0x0800013b   Thumb Code     0  libinit2.o(.ARM.Collect$$libinit$$00000011)
    __rt_lib_init_lc_ctype_1                 0x0800013b   Thumb Code     0  libinit2.o(.ARM.Collect$$libinit$$00000013)
    __rt_lib_init_lc_monetary_1              0x0800013b   Thumb Code     0  libinit2.o(.ARM.Collect$$libinit$$00000015)
    __rt_lib_init_lc_numeric_1               0x0800013b   Thumb Code     0  libinit2.o(.ARM.Collect$$libinit$$00000017)
    __rt_lib_init_lc_time_1                  0x0800013b   Thumb Code     0  libinit2.o(.ARM.Collect$$libinit$$00000019)
    __rt_lib_init_preinit_1                  0x0800013b   Thumb Code     0  libinit2.o(.ARM.Collect$$libinit$$00000004)
    __rt_lib_init_rand_1                     0x0800013b   Thumb Code     0  libinit2.o(.ARM.Collect$$libinit$$0000000E)
    __rt_lib_init_return                     0x0800013b   Thumb Code     0  libinit2.o(.ARM.Collect$$libinit$$00000033)
    __rt_lib_init_signal_1                   0x0800013b   Thumb Code     0  libinit2.o(.ARM.Collect$$libinit$$0000001D)
    __rt_lib_init_stdio_1                    0x0800013b   Thumb Code     0  libinit2.o(.ARM.Collect$$libinit$$00000025)
    __rt_lib_init_user_alloc_1               0x0800013b   Thumb Code     0  libinit2.o(.ARM.Collect$$libinit$$0000000C)
    __rt_lib_shutdown                        0x0800013d   Thumb Code     0  libshutdown.o(.ARM.Collect$$libshutdown$$00000000)
    __rt_lib_shutdown_cpp_1                  0x0800013f   Thumb Code     0  libshutdown2.o(.ARM.Collect$$libshutdown$$00000002)
    __rt_lib_shutdown_fp_trap_1              0x0800013f   Thumb Code     0  libshutdown2.o(.ARM.Collect$$libshutdown$$00000007)
    __rt_lib_shutdown_heap_1                 0x0800013f   Thumb Code     0  libshutdown2.o(.ARM.Collect$$libshutdown$$0000000F)
    __rt_lib_shutdown_return                 0x0800013f   Thumb Code     0  libshutdown2.o(.ARM.Collect$$libshutdown$$00000010)
    __rt_lib_shutdown_signal_1               0x0800013f   Thumb Code     0  libshutdown2.o(.ARM.Collect$$libshutdown$$0000000A)
    __rt_lib_shutdown_stdio_1                0x0800013f   Thumb Code     0  libshutdown2.o(.ARM.Collect$$libshutdown$$00000004)
    __rt_lib_shutdown_user_alloc_1           0x0800013f   Thumb Code     0  libshutdown2.o(.ARM.Collect$$libshutdown$$0000000C)
    __rt_entry                               0x08000141   Thumb Code     0  __rtentry.o(.ARM.Collect$$rtentry$$00000000)
    __rt_entry_presh_1                       0x08000141   Thumb Code     0  __rtentry2.o(.ARM.Collect$$rtentry$$00000002)
    __rt_entry_sh                            0x08000141   Thumb Code     0  __rtentry4.o(.ARM.Collect$$rtentry$$00000004)
    __rt_entry_li                            0x08000147   Thumb Code     0  __rtentry2.o(.ARM.Collect$$rtentry$$0000000A)
    __rt_entry_postsh_1                      0x08000147   Thumb Code     0  __rtentry2.o(.ARM.Collect$$rtentry$$00000009)
    __rt_entry_main                          0x0800014b   Thumb Code     0  __rtentry2.o(.ARM.Collect$$rtentry$$0000000D)
    __rt_entry_postli_1                      0x0800014b   Thumb Code     0  __rtentry2.o(.ARM.Collect$$rtentry$$0000000C)
    __rt_exit                                0x08000153   Thumb Code     0  rtexit.o(.ARM.Collect$$rtexit$$00000000)
    __rt_exit_ls                             0x08000155   Thumb Code     0  rtexit2.o(.ARM.Collect$$rtexit$$00000003)
    __rt_exit_prels_1                        0x08000155   Thumb Code     0  rtexit2.o(.ARM.Collect$$rtexit$$00000002)
    __rt_exit_exit                           0x08000159   Thumb Code     0  rtexit2.o(.ARM.Collect$$rtexit$$00000004)
    Reset_Handler                            0x08000161   Thumb Code     8  startup_stm32f071xb.o(.text)
    __user_initial_stackheap                 0x08000169   Thumb Code     0  startup_stm32f071xb.o(.text)
    __aeabi_uldivmod                         0x0800018d   Thumb Code   258  lludiv.o(.text)
    _ll_udiv                                 0x0800018d   Thumb Code     0  lludiv.o(.text)
    __aeabi_uidiv                            0x0800028f   Thumb Code     0  aeabi_sdivfast.o(.text)
    __aeabi_uidivmod                         0x0800028f   Thumb Code    28  aeabi_sdivfast.o(.text)
    __aeabi_idiv                             0x080002ab   Thumb Code     0  aeabi_sdivfast.o(.text)
    __aeabi_idivmod                          0x080002ab   Thumb Code   460  aeabi_sdivfast.o(.text)
    __use_two_region_memory                  0x08000477   Thumb Code     2  heapauxi.o(.text)
    __rt_heap_escrow$2region                 0x08000479   Thumb Code     2  heapauxi.o(.text)
    __rt_heap_expand$2region                 0x0800047b   Thumb Code     2  heapauxi.o(.text)
    __user_setup_stackheap                   0x0800047d   Thumb Code    62  sys_stackheap_outer.o(.text)
    exit                                     0x080004bb   Thumb Code    16  exit.o(.text)
    __user_libspace                          0x080004cd   Thumb Code     8  libspace.o(.text)
    __user_perproc_libspace                  0x080004cd   Thumb Code     0  libspace.o(.text)
    __user_perthread_libspace                0x080004cd   Thumb Code     0  libspace.o(.text)
    _sys_exit                                0x080004d5   Thumb Code     8  sys_exit.o(.text)
    __I$use$semihosting                      0x080004e1   Thumb Code     0  use_no_semi.o(.text)
    __use_no_semihosting_swi                 0x080004e1   Thumb Code     2  use_no_semi.o(.text)
    __semihosting_library_function           0x080004e3   Thumb Code     0  indicate_semi.o(.text)
    AddThreadList                            0x08000669   Thumb Code    92  task.o(i.AddThreadList)
    Add_TmrTaskList                          0x080006c9   Thumb Code    74  scheduler.o(i.Add_TmrTaskList)
    DMA1_Channel1_IRQHandler                 0x08000725   Thumb Code    12  stm32f0xx_it.o(i.DMA1_Channel1_IRQHandler)
    DMA1_Channel2_3_IRQHandler               0x08000735   Thumb Code    24  stm32f0xx_it.o(i.DMA1_Channel2_3_IRQHandler)
    DMA1_Channel4_5_6_7_IRQHandler           0x08000751   Thumb Code    28  stm32f0xx_it.o(i.DMA1_Channel4_5_6_7_IRQHandler)
    Default_IRQHandler                       0x08000795   Thumb Code     2  stm32f0xx_it.o(i.Default_IRQHandler)
    EEPROMREAD                               0x08000799   Thumb Code    44  logic.o(i.EEPROMREAD)
    EEPROMSET                                0x080007d1   Thumb Code    58  logic.o(i.EEPROMSET)
    EXTI2_3_IRQHandler                       0x08000819   Thumb Code    10  stm32f0xx_it.o(i.EXTI2_3_IRQHandler)
    EXTI4_15_IRQHandler                      0x08000823   Thumb Code    68  stm32f0xx_it.o(i.EXTI4_15_IRQHandler)
    F_Time_check                             0x08000869   Thumb Code    96  hw_clock.o(i.F_Time_check)
    HAL_ADCEx_Calibration_Start              0x080008e1   Thumb Code   212  stm32f0xx_hal_adc_ex.o(i.HAL_ADCEx_Calibration_Start)
    HAL_ADC_ConfigChannel                    0x080009ed   Thumb Code   644  stm32f0xx_hal_adc.o(i.HAL_ADC_ConfigChannel)
    HAL_ADC_ConvCpltCallback                 0x08000cb9   Thumb Code     8  adc.o(i.HAL_ADC_ConvCpltCallback)
    HAL_ADC_ConvHalfCpltCallback             0x08000cc5   Thumb Code     2  stm32f0xx_hal_adc.o(i.HAL_ADC_ConvHalfCpltCallback)
    HAL_ADC_ErrorCallback                    0x08000cc7   Thumb Code     2  stm32f0xx_hal_adc.o(i.HAL_ADC_ErrorCallback)
    HAL_ADC_Init                             0x08000cc9   Thumb Code   856  stm32f0xx_hal_adc.o(i.HAL_ADC_Init)
    HAL_ADC_MspInit                          0x0800105d   Thumb Code     2  stm32f0xx_hal_adc.o(i.HAL_ADC_MspInit)
    HAL_ADC_Start_DMA                        0x08001061   Thumb Code   194  stm32f0xx_hal_adc.o(i.HAL_ADC_Start_DMA)
    HAL_DAC_ConfigChannel                    0x0800116d   Thumb Code     6  stm32f0xx_hal_dac.o(i.HAL_DAC_ConfigChannel)
    HAL_DAC_Init                             0x08001175   Thumb Code    62  stm32f0xx_hal_dac.o(i.HAL_DAC_Init)
    HAL_DAC_MspInit                          0x080011e9   Thumb Code     2  stm32f0xx_hal_dac.o(i.HAL_DAC_MspInit)
    HAL_DMA_Abort_IT                         0x080011ed   Thumb Code   174  stm32f0xx_hal_dma.o(i.HAL_DMA_Abort_IT)
    HAL_DMA_DeInit                           0x080012a1   Thumb Code   436  stm32f0xx_hal_dma.o(i.HAL_DMA_DeInit)
    HAL_DMA_IRQHandler                       0x08001489   Thumb Code   798  stm32f0xx_hal_dma.o(i.HAL_DMA_IRQHandler)
    HAL_DMA_Init                             0x080017ad   Thumb Code   376  stm32f0xx_hal_dma.o(i.HAL_DMA_Init)
    HAL_DMA_Start_IT                         0x0800195d   Thumb Code   136  stm32f0xx_hal_dma.o(i.HAL_DMA_Start_IT)
    HAL_GPIO_Init                            0x08001a15   Thumb Code   770  stm32f0xx_hal_gpio.o(i.HAL_GPIO_Init)
    HAL_GPIO_ReadPin                         0x08001d85   Thumb Code    50  stm32f0xx_hal_gpio.o(i.HAL_GPIO_ReadPin)
    HAL_GPIO_WritePin                        0x08001ded   Thumb Code    66  stm32f0xx_hal_gpio.o(i.HAL_GPIO_WritePin)
    HAL_GetTick                              0x08001e65   Thumb Code     6  stm32f0xx_hal.o(i.HAL_GetTick)
    HAL_I2C_AbortCpltCallback                0x08001e71   Thumb Code     2  stm32f0xx_hal_i2c.o(i.HAL_I2C_AbortCpltCallback)
    HAL_I2C_AddrCallback                     0x08001e73   Thumb Code     2  stm32f0xx_hal_i2c.o(i.HAL_I2C_AddrCallback)
    HAL_I2C_ER_IRQHandler                    0x08001e75   Thumb Code   128  stm32f0xx_hal_i2c.o(i.HAL_I2C_ER_IRQHandler)
    HAL_I2C_EV_IRQHandler                    0x08001ef5   Thumb Code    30  stm32f0xx_hal_i2c.o(i.HAL_I2C_EV_IRQHandler)
    HAL_I2C_ErrorCallback                    0x08001f15   Thumb Code    56  i2c.o(i.HAL_I2C_ErrorCallback)
    HAL_I2C_Init                             0x08001f55   Thumb Code   434  stm32f0xx_hal_i2c.o(i.HAL_I2C_Init)
    HAL_I2C_IsDeviceReady                    0x08002149   Thumb Code   398  stm32f0xx_hal_i2c.o(i.HAL_I2C_IsDeviceReady)
    HAL_I2C_ListenCpltCallback               0x080022d7   Thumb Code     2  stm32f0xx_hal_i2c.o(i.HAL_I2C_ListenCpltCallback)
    HAL_I2C_MasterRxCpltCallback             0x080022d9   Thumb Code     2  stm32f0xx_hal_i2c.o(i.HAL_I2C_MasterRxCpltCallback)
    HAL_I2C_MasterTxCpltCallback             0x080022db   Thumb Code     2  stm32f0xx_hal_i2c.o(i.HAL_I2C_MasterTxCpltCallback)
    HAL_I2C_MemRxCpltCallback                0x080022dd   Thumb Code    54  i2c.o(i.HAL_I2C_MemRxCpltCallback)
    HAL_I2C_MemTxCpltCallback                0x0800231d   Thumb Code    54  i2c.o(i.HAL_I2C_MemTxCpltCallback)
    HAL_I2C_Mem_Read_DMA                     0x0800235d   Thumb Code   328  stm32f0xx_hal_i2c.o(i.HAL_I2C_Mem_Read_DMA)
    HAL_I2C_Mem_Write_DMA                    0x080024e9   Thumb Code   326  stm32f0xx_hal_i2c.o(i.HAL_I2C_Mem_Write_DMA)
    HAL_I2C_MspInit                          0x08002675   Thumb Code     2  stm32f0xx_hal_i2c.o(i.HAL_I2C_MspInit)
    HAL_I2C_SlaveRxCpltCallback              0x08002677   Thumb Code     2  stm32f0xx_hal_i2c.o(i.HAL_I2C_SlaveRxCpltCallback)
    HAL_I2C_SlaveTxCpltCallback              0x08002679   Thumb Code     2  stm32f0xx_hal_i2c.o(i.HAL_I2C_SlaveTxCpltCallback)
    HAL_IWDG_Init                            0x0800267d   Thumb Code   302  stm32f0xx_hal_iwdg.o(i.HAL_IWDG_Init)
    HAL_IWDG_MspInit                         0x080027ed   Thumb Code     2  stm32f0xx_hal_iwdg.o(i.HAL_IWDG_MspInit)
    HAL_IWDG_Refresh                         0x080027f1   Thumb Code   102  stm32f0xx_hal_iwdg.o(i.HAL_IWDG_Refresh)
    HAL_IWDG_Start                           0x0800285d   Thumb Code   148  stm32f0xx_hal_iwdg.o(i.HAL_IWDG_Start)
    HAL_IncTick                              0x080028fd   Thumb Code    12  stm32f0xx_hal.o(i.HAL_IncTick)
    HAL_Init                                 0x0800290d   Thumb Code    28  stm32f0xx_hal.o(i.HAL_Init)
    HAL_InitTick                             0x0800292d   Thumb Code    38  stm32f0xx_hal.o(i.HAL_InitTick)
    HAL_MspInit                              0x08002953   Thumb Code     2  stm32f0xx_hal.o(i.HAL_MspInit)
    HAL_NVIC_DisableIRQ                      0x08002955   Thumb Code    36  stm32f0xx_hal_cortex.o(i.HAL_NVIC_DisableIRQ)
    HAL_NVIC_EnableIRQ                       0x080029b1   Thumb Code    36  stm32f0xx_hal_cortex.o(i.HAL_NVIC_EnableIRQ)
    HAL_NVIC_SetPriority                     0x08002a0d   Thumb Code    32  stm32f0xx_hal_cortex.o(i.HAL_NVIC_SetPriority)
    HAL_RCCEx_PeriphCLKConfig                0x08002a61   Thumb Code   564  stm32f0xx_hal_rcc_ex.o(i.HAL_RCCEx_PeriphCLKConfig)
    HAL_RCC_ClockConfig                      0x08002cd9   Thumb Code   678  stm32f0xx_hal_rcc.o(i.HAL_RCC_ClockConfig)
    HAL_RCC_GetHCLKFreq                      0x08002fc9   Thumb Code     6  stm32f0xx_hal_rcc.o(i.HAL_RCC_GetHCLKFreq)
    HAL_RCC_GetPCLK1Freq                     0x08002fd5   Thumb Code    26  stm32f0xx_hal_rcc.o(i.HAL_RCC_GetPCLK1Freq)
    HAL_RCC_GetSysClockFreq                  0x08002ff9   Thumb Code   194  stm32f0xx_hal_rcc.o(i.HAL_RCC_GetSysClockFreq)
    HAL_RCC_OscConfig                        0x080030ed   Thumb Code  2236  stm32f0xx_hal_rcc.o(i.HAL_RCC_OscConfig)
    HAL_SYSTICK_CLKSourceConfig              0x080039ad   Thumb Code    56  stm32f0xx_hal_cortex.o(i.HAL_SYSTICK_CLKSourceConfig)
    HAL_SYSTICK_Callback                     0x08003a1d   Thumb Code     2  stm32f0xx_hal_cortex.o(i.HAL_SYSTICK_Callback)
    HAL_SYSTICK_Config                       0x08003a21   Thumb Code    46  stm32f0xx_hal_cortex.o(i.HAL_SYSTICK_Config)
    HAL_SYSTICK_IRQHandler                   0x08003a59   Thumb Code     8  stm32f0xx_hal_cortex.o(i.HAL_SYSTICK_IRQHandler)
    HW_TMR_IRQHandler                        0x08003a61   Thumb Code    46  hw_tmr.o(i.HW_TMR_IRQHandler)
    HardFault_Handler                        0x08003a95   Thumb Code     2  stm32f0xx_it.o(i.HardFault_Handler)
    I2C1_IRQHandler                          0x08003a99   Thumb Code    26  stm32f0xx_it.o(i.I2C1_IRQHandler)
    I2C2_IRQHandler                          0x08003ab9   Thumb Code    28  stm32f0xx_it.o(i.I2C2_IRQHandler)
    I2C_IsDeviceReady                        0x080042a5   Thumb Code    70  i2c.o(i.I2C_IsDeviceReady)
    IC_IRQHandler                            0x080048b1   Thumb Code   252  ic.o(i.IC_IRQHandler)
    Init_Thread                              0x080049bd   Thumb Code    36  logic.o(i.Init_Thread)
    NMI_Handler                              0x080049f1   Thumb Code     2  stm32f0xx_it.o(i.NMI_Handler)
    OptSys                                   0x08004a6d   Thumb Code    62  task.o(i.OptSys)
    PendSV_Handler                           0x08004ab5   Thumb Code     2  stm32f0xx_it.o(i.PendSV_Handler)
    ReadCrc                                  0x08004ab9   Thumb Code   100  logic.o(i.ReadCrc)
    RunTask                                  0x08004b55   Thumb Code   108  task.o(i.RunTask)
    SPI1_IRQHandler                          0x08004c39   Thumb Code    22  stm32f0xx_it.o(i.SPI1_IRQHandler)
    SPI2_IRQHandler                          0x08004c55   Thumb Code    22  stm32f0xx_it.o(i.SPI2_IRQHandler)
    SVC_Handler                              0x08004c71   Thumb Code     2  stm32f0xx_it.o(i.SVC_Handler)
    Schedule                                 0x08004c75   Thumb Code   100  scheduler.o(i.Schedule)
    Scheduler_Init                           0x08004ced   Thumb Code   136  scheduler.o(i.Scheduler_Init)
    SysTick_Handler                          0x08004d85   Thumb Code    12  stm32f0xx_it.o(i.SysTick_Handler)
    SystemInit                               0x08004d91   Thumb Code   102  system_stm32f0xx.o(i.SystemInit)
    TIM14_IRQHandler                         0x08004e09   Thumb Code    22  stm32f0xx_it.o(i.TIM14_IRQHandler)
    TIM15_IRQHandler                         0x08004e25   Thumb Code    22  stm32f0xx_it.o(i.TIM15_IRQHandler)
    TIM16_IRQHandler                         0x08004e41   Thumb Code    22  stm32f0xx_it.o(i.TIM16_IRQHandler)
    TIM17_IRQHandler                         0x08004e5d   Thumb Code    22  stm32f0xx_it.o(i.TIM17_IRQHandler)
    TIM1_CC_IRQHandler                       0x08004e79   Thumb Code    10  stm32f0xx_it.o(i.TIM1_CC_IRQHandler)
    TIM2_IRQHandler                          0x08004e89   Thumb Code    12  stm32f0xx_it.o(i.TIM2_IRQHandler)
    TIM3_IRQHandler                          0x08004e95   Thumb Code    10  stm32f0xx_it.o(i.TIM3_IRQHandler)
    TIM_Base_SetConfig                       0x08004ea5   Thumb Code   140  stm32f0xx_hal_tim.o(i.TIM_Base_SetConfig)
    TIM_CCxChannelCmd                        0x08004f49   Thumb Code   120  stm32f0xx_hal_tim.o(i.TIM_CCxChannelCmd)
    Test                                     0x0800500d   Thumb Code    14  logic.o(i.Test)
    USART1_IRQHandler                        0x08005021   Thumb Code    22  stm32f0xx_it.o(i.USART1_IRQHandler)
    USART2_IRQHandler                        0x0800503d   Thumb Code    22  stm32f0xx_it.o(i.USART2_IRQHandler)
    USART3_4_IRQHandler                      0x08005059   Thumb Code    34  stm32f0xx_it.o(i.USART3_4_IRQHandler)
    USR_GPIO_EXTI_IRQHandler                 0x08005081   Thumb Code   136  di.o(i.USR_GPIO_EXTI_IRQHandler)
    USR_SPI_IRQHandler                       0x080052e1   Thumb Code   248  spi.o(i.USR_SPI_IRQHandler)
    USR_UART_IRQHandler                      0x08005495   Thumb Code   688  uart.o(i.USR_UART_IRQHandler)
    __ARM_common_ll_muluu                    0x08005749   Thumb Code    50  hw_tmr.o(i.__ARM_common_ll_muluu)
    adc_create                               0x0800577d   Thumb Code   324  adc.o(i.adc_create)
    adc_get_filter_value                     0x080058e9   Thumb Code    40  adc.o(i.adc_get_filter_value)
    adc_run                                  0x08005919   Thumb Code   252  adc.o(i.adc_run)
    assert_failed                            0x08005a2d   Thumb Code     2  bsp.o(i.assert_failed)
    dac_create                               0x08005a31   Thumb Code   134  dac.o(i.dac_create)
    digit_in_create                          0x08005b95   Thumb Code    68  di.o(i.digit_in_create)
    digit_in_filter_read                     0x08005be1   Thumb Code    34  di.o(i.digit_in_filter_read)
    digit_in_run                             0x08005c0d   Thumb Code   124  di.o(i.digit_in_run)
    digit_in_set_mode                        0x08005c91   Thumb Code    50  di.o(i.digit_in_set_mode)
    digit_out_create                         0x08005ccd   Thumb Code    96  do.o(i.digit_out_create)
    digit_out_output                         0x08005d35   Thumb Code    46  do.o(i.digit_out_output)
    dis_set_exit_callback                    0x08005d6d   Thumb Code     6  di.o(i.dis_set_exit_callback)
    gpio_clk_enabled                         0x08005d79   Thumb Code   158  di.o(i.gpio_clk_enabled)
    hfim5_do_output                          0x08005f21   Thumb Code    12  bsp.o(i.hfim5_do_output)
    hfim5_eeprom_get_state                   0x08005f31   Thumb Code    14  bsp.o(i.hfim5_eeprom_get_state)
    hfim5_eeprom_page_write                  0x08005f45   Thumb Code    26  bsp.o(i.hfim5_eeprom_page_write)
    hfim5_eeprom_read                        0x08005f65   Thumb Code    26  bsp.o(i.hfim5_eeprom_read)
    hfim5_init                               0x08005f85   Thumb Code   648  bsp.o(i.hfim5_init)
    hfim5_run                                0x080062e1   Thumb Code    38  bsp.o(i.hfim5_run)
    hfim5_usr_tmr_run                        0x080064b5   Thumb Code    14  bsp.o(i.hfim5_usr_tmr_run)
    hw_tmr_create                            0x08006515   Thumb Code   202  hw_tmr.o(i.hw_tmr_create)
    hw_tmr_run                               0x08006601   Thumb Code    48  hw_tmr.o(i.hw_tmr_run)
    i2c_create                               0x08006639   Thumb Code   402  i2c.o(i.i2c_create)
    i2c_get_state                            0x08006805   Thumb Code    30  i2c.o(i.i2c_get_state)
    i2c_mem_read                             0x0800682d   Thumb Code    78  i2c.o(i.i2c_mem_read)
    i2c_mem_write                            0x0800688d   Thumb Code    78  i2c.o(i.i2c_mem_write)
    ic_create                                0x080068ed   Thumb Code   548  ic.o(i.ic_create)
    ic_read_captured_value                   0x08006b39   Thumb Code    74  ic.o(i.ic_read_captured_value)
    ic_run                                   0x08006b8d   Thumb Code   104  ic.o(i.ic_run)
    ic_stop                                  0x08006bfd   Thumb Code    92  ic.o(i.ic_stop)
    iwdg_feed                                0x08006c61   Thumb Code    20  iwdg.o(i.iwdg_feed)
    iwdg_init                                0x08006c7d   Thumb Code    70  iwdg.o(i.iwdg_init)
    main                                     0x08006cd9   Thumb Code    70  main.o(i.main)
    po_create                                0x08006d2d   Thumb Code    50  phaseorder.o(i.po_create)
    po_get_result                            0x08006d69   Thumb Code    16  phaseorder.o(i.po_get_result)
    po_ic_callback                           0x08006d7d   Thumb Code   460  phaseorder.o(i.po_ic_callback)
    po_run                                   0x08006f59   Thumb Code   150  phaseorder.o(i.po_run)
    po_set_enable                            0x08007001   Thumb Code   106  phaseorder.o(i.po_set_enable)
    spi_chk_timeouts                         0x08007079   Thumb Code    94  spi.o(i.spi_chk_timeouts)
    spi_create                               0x080070e1   Thumb Code   288  spi.o(i.spi_create)
    tm_config                                0x08007219   Thumb Code   106  tachometer.o(i.tm_config)
    tm_create                                0x08007285   Thumb Code    82  tachometer.o(i.tm_create)
    tm_get_rpm                               0x08007465   Thumb Code   126  tachometer.o(i.tm_get_rpm)
    tm_run                                   0x080074f5   Thumb Code   168  tachometer.o(i.tm_run)
    u10msRunTask                             0x080075a5   Thumb Code    16  hw_clock.o(i.u10msRunTask)
    uart_create                              0x08007619   Thumb Code   382  uart.o(i.uart_create)
    uarts_chk_timeouts                       0x080077b9   Thumb Code   108  uart.o(i.uarts_chk_timeouts)
    AHBPrescTable                            0x0800783c   Data          16  system_stm32f0xx.o(.constdata)
    APBPrescTable                            0x0800784c   Data           8  system_stm32f0xx.o(.constdata)
    Region$$Table$$Base                      0x08007ca0   Number         0  anon$$obj.o(Region$$Table)
    Region$$Table$$Limit                     0x08007cc0   Number         0  anon$$obj.o(Region$$Table)
    u10msInt                                 0x20000000   Data           2  hw_clock.o(.data)
    u10msMain                                0x20000002   Data           2  hw_clock.o(.data)
    uc100msctr                               0x20000004   Data           2  hw_clock.o(.data)
    uc1sctr                                  0x20000006   Data           2  hw_clock.o(.data)
    u10ms                                    0x20000008   Data           1  hw_clock.o(.data)
    u100ms                                   0x20000009   Data           1  hw_clock.o(.data)
    u1s                                      0x2000000a   Data           1  hw_clock.o(.data)
    SystemCoreClock                          0x2000000c   Data           4  system_stm32f0xx.o(.data)
    count                                    0x20000010   Data           4  logic.o(.data)
    SetFinish                                0x20000014   Data           4  logic.o(.data)
    NumCount                                 0x20000018   Data           4  logic.o(.data)
    ERRCount                                 0x2000001c   Data           4  logic.o(.data)
    ERRPasg                                  0x20000020   Data           4  logic.o(.data)
    channel_tmr_handle                       0x20000066   Data           4  hw_tmr.o(.data)
    channel_spi_handle                       0x2000007d   Data           2  spi.o(.data)
    channel_uart_handle                      0x20000080   Data           4  uart.o(.data)
    uwTick                                   0x2000008c   Data           4  stm32f0xx_hal.o(.data)
    input                                    0x20000090   Data          40  logic.o(.bss)
    gTmpDebugPara                            0x200000b8   Data          10  logic.o(.bss)
    gTmpUserPara                             0x200000c2   Data          10  logic.o(.bss)
    gSysUserPara                             0x200000cc   Data          10  logic.o(.bss)
    gTmpOutPara                              0x200000d6   Data          46  logic.o(.bss)
    gTmpOut2Para                             0x20000104   Data          38  logic.o(.bss)
    gSysStatusPara                           0x2000012a   Data         170  logic.o(.bss)
    Data                                     0x200001d4   Data          64  main.o(.bss)
    DataRead                                 0x20000214   Data          64  main.o(.bss)
    adc_res                                  0x2000054c   Data          64  adc.o(.bss)
    hadc                                     0x200005a0   Data          76  adc.o(.bss)
    hi2cs                                    0x20000788   Data         152  i2c.o(.bss)
    __libspace_start                         0x20000c64   Data          96  libspace.o(.bss)
    __temporary_stack_top$libspace           0x20000cc4   Data           0  libspace.o(.bss)



==============================================================================

Memory Map of the image

  Image Entry point : 0x080000bd

  Load Region LR_IROM1 (Base: 0x08000000, Size: 0x00007d50, Max: 0x00020000, ABSOLUTE)

    Execution Region ER_IROM1 (Base: 0x08000000, Size: 0x00007cc0, Max: 0x00020000, ABSOLUTE)

    Base Addr    Size         Type   Attr      Idx    E Section Name        Object

    0x08000000   0x000000bc   Data   RO          173    RESET               startup_stm32f071xb.o
    0x080000bc   0x00000008   Code   RO         3134  * !!!main             c_p.l(__main.o)
    0x080000c4   0x0000003c   Code   RO         3307    !!!scatter          c_p.l(__scatter.o)
    0x08000100   0x0000001a   Code   RO         3309    !!handler_copy      c_p.l(__scatter_copy.o)
    0x0800011a   0x00000002   PAD
    0x0800011c   0x0000001c   Code   RO         3311    !!handler_zi        c_p.l(__scatter_zi.o)
    0x08000138   0x00000002   Code   RO         3176    .ARM.Collect$$libinit$$00000000  c_p.l(libinit.o)
    0x0800013a   0x00000000   Code   RO         3190    .ARM.Collect$$libinit$$00000002  c_p.l(libinit2.o)
    0x0800013a   0x00000000   Code   RO         3192    .ARM.Collect$$libinit$$00000004  c_p.l(libinit2.o)
    0x0800013a   0x00000000   Code   RO         3195    .ARM.Collect$$libinit$$0000000A  c_p.l(libinit2.o)
    0x0800013a   0x00000000   Code   RO         3197    .ARM.Collect$$libinit$$0000000C  c_p.l(libinit2.o)
    0x0800013a   0x00000000   Code   RO         3199    .ARM.Collect$$libinit$$0000000E  c_p.l(libinit2.o)
    0x0800013a   0x00000000   Code   RO         3202    .ARM.Collect$$libinit$$00000011  c_p.l(libinit2.o)
    0x0800013a   0x00000000   Code   RO         3204    .ARM.Collect$$libinit$$00000013  c_p.l(libinit2.o)
    0x0800013a   0x00000000   Code   RO         3206    .ARM.Collect$$libinit$$00000015  c_p.l(libinit2.o)
    0x0800013a   0x00000000   Code   RO         3208    .ARM.Collect$$libinit$$00000017  c_p.l(libinit2.o)
    0x0800013a   0x00000000   Code   RO         3210    .ARM.Collect$$libinit$$00000019  c_p.l(libinit2.o)
    0x0800013a   0x00000000   Code   RO         3212    .ARM.Collect$$libinit$$0000001B  c_p.l(libinit2.o)
    0x0800013a   0x00000000   Code   RO         3214    .ARM.Collect$$libinit$$0000001D  c_p.l(libinit2.o)
    0x0800013a   0x00000000   Code   RO         3216    .ARM.Collect$$libinit$$0000001F  c_p.l(libinit2.o)
    0x0800013a   0x00000000   Code   RO         3218    .ARM.Collect$$libinit$$00000021  c_p.l(libinit2.o)
    0x0800013a   0x00000000   Code   RO         3220    .ARM.Collect$$libinit$$00000023  c_p.l(libinit2.o)
    0x0800013a   0x00000000   Code   RO         3222    .ARM.Collect$$libinit$$00000025  c_p.l(libinit2.o)
    0x0800013a   0x00000000   Code   RO         3226    .ARM.Collect$$libinit$$0000002C  c_p.l(libinit2.o)
    0x0800013a   0x00000000   Code   RO         3228    .ARM.Collect$$libinit$$0000002E  c_p.l(libinit2.o)
    0x0800013a   0x00000000   Code   RO         3230    .ARM.Collect$$libinit$$00000030  c_p.l(libinit2.o)
    0x0800013a   0x00000000   Code   RO         3232    .ARM.Collect$$libinit$$00000032  c_p.l(libinit2.o)
    0x0800013a   0x00000002   Code   RO         3233    .ARM.Collect$$libinit$$00000033  c_p.l(libinit2.o)
    0x0800013c   0x00000002   Code   RO         3264    .ARM.Collect$$libshutdown$$00000000  c_p.l(libshutdown.o)
    0x0800013e   0x00000000   Code   RO         3290    .ARM.Collect$$libshutdown$$00000002  c_p.l(libshutdown2.o)
    0x0800013e   0x00000000   Code   RO         3292    .ARM.Collect$$libshutdown$$00000004  c_p.l(libshutdown2.o)
    0x0800013e   0x00000000   Code   RO         3295    .ARM.Collect$$libshutdown$$00000007  c_p.l(libshutdown2.o)
    0x0800013e   0x00000000   Code   RO         3298    .ARM.Collect$$libshutdown$$0000000A  c_p.l(libshutdown2.o)
    0x0800013e   0x00000000   Code   RO         3300    .ARM.Collect$$libshutdown$$0000000C  c_p.l(libshutdown2.o)
    0x0800013e   0x00000000   Code   RO         3303    .ARM.Collect$$libshutdown$$0000000F  c_p.l(libshutdown2.o)
    0x0800013e   0x00000002   Code   RO         3304    .ARM.Collect$$libshutdown$$00000010  c_p.l(libshutdown2.o)
    0x08000140   0x00000000   Code   RO         3136    .ARM.Collect$$rtentry$$00000000  c_p.l(__rtentry.o)
    0x08000140   0x00000000   Code   RO         3146    .ARM.Collect$$rtentry$$00000002  c_p.l(__rtentry2.o)
    0x08000140   0x00000006   Code   RO         3158    .ARM.Collect$$rtentry$$00000004  c_p.l(__rtentry4.o)
    0x08000146   0x00000000   Code   RO         3148    .ARM.Collect$$rtentry$$00000009  c_p.l(__rtentry2.o)
    0x08000146   0x00000004   Code   RO         3149    .ARM.Collect$$rtentry$$0000000A  c_p.l(__rtentry2.o)
    0x0800014a   0x00000000   Code   RO         3151    .ARM.Collect$$rtentry$$0000000C  c_p.l(__rtentry2.o)
    0x0800014a   0x00000008   Code   RO         3152    .ARM.Collect$$rtentry$$0000000D  c_p.l(__rtentry2.o)
    0x08000152   0x00000002   Code   RO         3181    .ARM.Collect$$rtexit$$00000000  c_p.l(rtexit.o)
    0x08000154   0x00000000   Code   RO         3237    .ARM.Collect$$rtexit$$00000002  c_p.l(rtexit2.o)
    0x08000154   0x00000004   Code   RO         3238    .ARM.Collect$$rtexit$$00000003  c_p.l(rtexit2.o)
    0x08000158   0x00000006   Code   RO         3239    .ARM.Collect$$rtexit$$00000004  c_p.l(rtexit2.o)
    0x0800015e   0x00000002   PAD
    0x08000160   0x0000002c   Code   RO          174    .text               startup_stm32f071xb.o
    0x0800018c   0x00000102   Code   RO         3124    .text               c_p.l(lludiv.o)
    0x0800028e   0x000001e8   Code   RO         3128    .text               c_p.l(aeabi_sdivfast.o)
    0x08000476   0x00000006   Code   RO         3132    .text               c_p.l(heapauxi.o)
    0x0800047c   0x0000003e   Code   RO         3162    .text               c_p.l(sys_stackheap_outer.o)
    0x080004ba   0x00000010   Code   RO         3165    .text               c_p.l(exit.o)
    0x080004ca   0x00000002   PAD
    0x080004cc   0x00000008   Code   RO         3177    .text               c_p.l(libspace.o)
    0x080004d4   0x0000000c   Code   RO         3234    .text               c_p.l(sys_exit.o)
    0x080004e0   0x00000002   Code   RO         3253    .text               c_p.l(use_no_semi.o)
    0x080004e2   0x00000000   Code   RO         3255    .text               c_p.l(indicate_semi.o)
    0x080004e2   0x00000086   Code   RO         1820    i.ADC_DMAConvCplt   hal_driver.lib(stm32f0xx_hal_adc.o)
    0x08000568   0x0000001e   Code   RO         1821    i.ADC_DMAError      hal_driver.lib(stm32f0xx_hal_adc.o)
    0x08000586   0x0000000e   Code   RO         1822    i.ADC_DMAHalfConvCplt  hal_driver.lib(stm32f0xx_hal_adc.o)
    0x08000594   0x000000d4   Code   RO         1824    i.ADC_Enable        hal_driver.lib(stm32f0xx_hal_adc.o)
    0x08000668   0x00000060   Code   RO          311    i.AddThreadList     task.o
    0x080006c8   0x0000005c   Code   RO          725    i.Add_TmrTaskList   HFIM5_LIB.lib(scheduler.o)
    0x08000724   0x00000010   Code   RO          452    i.DMA1_Channel1_IRQHandler  HFIM5_LIB.lib(stm32f0xx_it.o)
    0x08000734   0x0000001c   Code   RO          453    i.DMA1_Channel2_3_IRQHandler  HFIM5_LIB.lib(stm32f0xx_it.o)
    0x08000750   0x00000024   Code   RO          454    i.DMA1_Channel4_5_6_7_IRQHandler  HFIM5_LIB.lib(stm32f0xx_it.o)
    0x08000774   0x00000020   Code   RO         1138    i.DMA_SetConfig     hal_driver.lib(stm32f0xx_hal_dma.o)
    0x08000794   0x00000002   Code   RO          455    i.Default_IRQHandler  HFIM5_LIB.lib(stm32f0xx_it.o)
    0x08000796   0x00000002   PAD
    0x08000798   0x00000038   Code   RO          213    i.EEPROMREAD        logic.o
    0x080007d0   0x00000048   Code   RO          214    i.EEPROMSET         logic.o
    0x08000818   0x0000000a   Code   RO          456    i.EXTI2_3_IRQHandler  HFIM5_LIB.lib(stm32f0xx_it.o)
    0x08000822   0x00000044   Code   RO          457    i.EXTI4_15_IRQHandler  HFIM5_LIB.lib(stm32f0xx_it.o)
    0x08000866   0x00000002   PAD
    0x08000868   0x00000078   Code   RO            3    i.F_Time_check      hw_clock.o
    0x080008e0   0x0000010c   Code   RO         1995    i.HAL_ADCEx_Calibration_Start  hal_driver.lib(stm32f0xx_hal_adc_ex.o)
    0x080009ec   0x000002cc   Code   RO         1826    i.HAL_ADC_ConfigChannel  hal_driver.lib(stm32f0xx_hal_adc.o)
    0x08000cb8   0x0000000c   Code   RO          506    i.HAL_ADC_ConvCpltCallback  HFIM5_LIB.lib(adc.o)
    0x08000cc4   0x00000002   Code   RO         1828    i.HAL_ADC_ConvHalfCpltCallback  hal_driver.lib(stm32f0xx_hal_adc.o)
    0x08000cc6   0x00000002   Code   RO         1830    i.HAL_ADC_ErrorCallback  hal_driver.lib(stm32f0xx_hal_adc.o)
    0x08000cc8   0x00000394   Code   RO         1835    i.HAL_ADC_Init      hal_driver.lib(stm32f0xx_hal_adc.o)
    0x0800105c   0x00000002   Code   RO         1838    i.HAL_ADC_MspInit   hal_driver.lib(stm32f0xx_hal_adc.o)
    0x0800105e   0x00000002   PAD
    0x08001060   0x0000010c   Code   RO         1842    i.HAL_ADC_Start_DMA  hal_driver.lib(stm32f0xx_hal_adc.o)
    0x0800116c   0x00000006   Code   RO         2015    i.HAL_DAC_ConfigChannel  hal_driver.lib(stm32f0xx_hal_dac.o)
    0x08001172   0x00000002   PAD
    0x08001174   0x00000074   Code   RO         2025    i.HAL_DAC_Init      hal_driver.lib(stm32f0xx_hal_dac.o)
    0x080011e8   0x00000002   Code   RO         2027    i.HAL_DAC_MspInit   hal_driver.lib(stm32f0xx_hal_dac.o)
    0x080011ea   0x00000002   PAD
    0x080011ec   0x000000b4   Code   RO         1140    i.HAL_DMA_Abort_IT  hal_driver.lib(stm32f0xx_hal_dma.o)
    0x080012a0   0x000001e8   Code   RO         1141    i.HAL_DMA_DeInit    hal_driver.lib(stm32f0xx_hal_dma.o)
    0x08001488   0x00000324   Code   RO         1144    i.HAL_DMA_IRQHandler  hal_driver.lib(stm32f0xx_hal_dma.o)
    0x080017ac   0x000001b0   Code   RO         1145    i.HAL_DMA_Init      hal_driver.lib(stm32f0xx_hal_dma.o)
    0x0800195c   0x000000b8   Code   RO         1148    i.HAL_DMA_Start_IT  hal_driver.lib(stm32f0xx_hal_dma.o)
    0x08001a14   0x00000370   Code   RO         2140    i.HAL_GPIO_Init     hal_driver.lib(stm32f0xx_hal_gpio.o)
    0x08001d84   0x00000068   Code   RO         2142    i.HAL_GPIO_ReadPin  hal_driver.lib(stm32f0xx_hal_gpio.o)
    0x08001dec   0x00000078   Code   RO         2144    i.HAL_GPIO_WritePin  hal_driver.lib(stm32f0xx_hal_gpio.o)
    0x08001e64   0x0000000c   Code   RO          764    i.HAL_GetTick       hal_driver.lib(stm32f0xx_hal.o)
    0x08001e70   0x00000002   Code   RO         1217    i.HAL_I2C_AbortCpltCallback  hal_driver.lib(stm32f0xx_hal_i2c.o)
    0x08001e72   0x00000002   Code   RO         1218    i.HAL_I2C_AddrCallback  hal_driver.lib(stm32f0xx_hal_i2c.o)
    0x08001e74   0x00000080   Code   RO         1221    i.HAL_I2C_ER_IRQHandler  hal_driver.lib(stm32f0xx_hal_i2c.o)
    0x08001ef4   0x0000001e   Code   RO         1222    i.HAL_I2C_EV_IRQHandler  hal_driver.lib(stm32f0xx_hal_i2c.o)
    0x08001f12   0x00000002   PAD
    0x08001f14   0x00000040   Code   RO          602    i.HAL_I2C_ErrorCallback  HFIM5_LIB.lib(i2c.o)
    0x08001f54   0x000001f4   Code   RO         1228    i.HAL_I2C_Init      hal_driver.lib(stm32f0xx_hal_i2c.o)
    0x08002148   0x0000018e   Code   RO         1229    i.HAL_I2C_IsDeviceReady  hal_driver.lib(stm32f0xx_hal_i2c.o)
    0x080022d6   0x00000002   Code   RO         1230    i.HAL_I2C_ListenCpltCallback  hal_driver.lib(stm32f0xx_hal_i2c.o)
    0x080022d8   0x00000002   Code   RO         1231    i.HAL_I2C_MasterRxCpltCallback  hal_driver.lib(stm32f0xx_hal_i2c.o)
    0x080022da   0x00000002   Code   RO         1232    i.HAL_I2C_MasterTxCpltCallback  hal_driver.lib(stm32f0xx_hal_i2c.o)
    0x080022dc   0x00000040   Code   RO          603    i.HAL_I2C_MemRxCpltCallback  HFIM5_LIB.lib(i2c.o)
    0x0800231c   0x00000040   Code   RO          604    i.HAL_I2C_MemTxCpltCallback  HFIM5_LIB.lib(i2c.o)
    0x0800235c   0x0000018c   Code   RO         1245    i.HAL_I2C_Mem_Read_DMA  hal_driver.lib(stm32f0xx_hal_i2c.o)
    0x080024e8   0x0000018c   Code   RO         1248    i.HAL_I2C_Mem_Write_DMA  hal_driver.lib(stm32f0xx_hal_i2c.o)
    0x08002674   0x00000002   Code   RO         1251    i.HAL_I2C_MspInit   hal_driver.lib(stm32f0xx_hal_i2c.o)
    0x08002676   0x00000002   Code   RO         1252    i.HAL_I2C_SlaveRxCpltCallback  hal_driver.lib(stm32f0xx_hal_i2c.o)
    0x08002678   0x00000002   Code   RO         1253    i.HAL_I2C_SlaveTxCpltCallback  hal_driver.lib(stm32f0xx_hal_i2c.o)
    0x0800267a   0x00000002   PAD
    0x0800267c   0x00000170   Code   RO         2200    i.HAL_IWDG_Init     hal_driver.lib(stm32f0xx_hal_iwdg.o)
    0x080027ec   0x00000002   Code   RO         2201    i.HAL_IWDG_MspInit  hal_driver.lib(stm32f0xx_hal_iwdg.o)
    0x080027ee   0x00000002   PAD
    0x080027f0   0x0000006c   Code   RO         2202    i.HAL_IWDG_Refresh  hal_driver.lib(stm32f0xx_hal_iwdg.o)
    0x0800285c   0x000000a0   Code   RO         2203    i.HAL_IWDG_Start    hal_driver.lib(stm32f0xx_hal_iwdg.o)
    0x080028fc   0x00000010   Code   RO          765    i.HAL_IncTick       hal_driver.lib(stm32f0xx_hal.o)
    0x0800290c   0x00000020   Code   RO          766    i.HAL_Init          hal_driver.lib(stm32f0xx_hal.o)
    0x0800292c   0x00000026   Code   RO          767    i.HAL_InitTick      hal_driver.lib(stm32f0xx_hal.o)
    0x08002952   0x00000002   Code   RO          769    i.HAL_MspInit       hal_driver.lib(stm32f0xx_hal.o)
    0x08002954   0x0000005c   Code   RO         1045    i.HAL_NVIC_DisableIRQ  hal_driver.lib(stm32f0xx_hal_cortex.o)
    0x080029b0   0x0000005c   Code   RO         1046    i.HAL_NVIC_EnableIRQ  hal_driver.lib(stm32f0xx_hal_cortex.o)
    0x08002a0c   0x00000054   Code   RO         1050    i.HAL_NVIC_SetPriority  hal_driver.lib(stm32f0xx_hal_cortex.o)
    0x08002a60   0x00000278   Code   RO         1744    i.HAL_RCCEx_PeriphCLKConfig  hal_driver.lib(stm32f0xx_hal_rcc_ex.o)
    0x08002cd8   0x000002f0   Code   RO         1642    i.HAL_RCC_ClockConfig  hal_driver.lib(stm32f0xx_hal_rcc.o)
    0x08002fc8   0x0000000c   Code   RO         1647    i.HAL_RCC_GetHCLKFreq  hal_driver.lib(stm32f0xx_hal_rcc.o)
    0x08002fd4   0x00000024   Code   RO         1649    i.HAL_RCC_GetPCLK1Freq  hal_driver.lib(stm32f0xx_hal_rcc.o)
    0x08002ff8   0x000000f4   Code   RO         1650    i.HAL_RCC_GetSysClockFreq  hal_driver.lib(stm32f0xx_hal_rcc.o)
    0x080030ec   0x000008c0   Code   RO         1653    i.HAL_RCC_OscConfig  hal_driver.lib(stm32f0xx_hal_rcc.o)
    0x080039ac   0x00000070   Code   RO         1052    i.HAL_SYSTICK_CLKSourceConfig  hal_driver.lib(stm32f0xx_hal_cortex.o)
    0x08003a1c   0x00000002   Code   RO         1053    i.HAL_SYSTICK_Callback  hal_driver.lib(stm32f0xx_hal_cortex.o)
    0x08003a1e   0x00000002   PAD
    0x08003a20   0x00000038   Code   RO         1054    i.HAL_SYSTICK_Config  hal_driver.lib(stm32f0xx_hal_cortex.o)
    0x08003a58   0x00000008   Code   RO         1055    i.HAL_SYSTICK_IRQHandler  hal_driver.lib(stm32f0xx_hal_cortex.o)
    0x08003a60   0x00000034   Code   RO          582    i.HW_TMR_IRQHandler  HFIM5_LIB.lib(hw_tmr.o)
    0x08003a94   0x00000002   Code   RO          458    i.HardFault_Handler  HFIM5_LIB.lib(stm32f0xx_it.o)
    0x08003a96   0x00000002   PAD
    0x08003a98   0x00000020   Code   RO          459    i.I2C1_IRQHandler   HFIM5_LIB.lib(stm32f0xx_it.o)
    0x08003ab8   0x00000024   Code   RO          460    i.I2C2_IRQHandler   HFIM5_LIB.lib(stm32f0xx_it.o)
    0x08003adc   0x0000003c   Code   RO         1262    i.I2C_DMAAbort      hal_driver.lib(stm32f0xx_hal_i2c.o)
    0x08003b18   0x0000001e   Code   RO         1263    i.I2C_DMAError      hal_driver.lib(stm32f0xx_hal_i2c.o)
    0x08003b36   0x00000056   Code   RO         1264    i.I2C_DMAMasterReceiveCplt  hal_driver.lib(stm32f0xx_hal_i2c.o)
    0x08003b8c   0x00000056   Code   RO         1265    i.I2C_DMAMasterTransmitCplt  hal_driver.lib(stm32f0xx_hal_i2c.o)
    0x08003be2   0x0000007e   Code   RO         1268    i.I2C_Disable_IRQ   hal_driver.lib(stm32f0xx_hal_i2c.o)
    0x08003c60   0x00000090   Code   RO         1269    i.I2C_Enable_IRQ    hal_driver.lib(stm32f0xx_hal_i2c.o)
    0x08003cf0   0x00000032   Code   RO         1270    i.I2C_Flush_TXDR    hal_driver.lib(stm32f0xx_hal_i2c.o)
    0x08003d22   0x000000d6   Code   RO         1271    i.I2C_ITAddrCplt    hal_driver.lib(stm32f0xx_hal_i2c.o)
    0x08003df8   0x00000118   Code   RO         1272    i.I2C_ITError       hal_driver.lib(stm32f0xx_hal_i2c.o)
    0x08003f10   0x00000074   Code   RO         1273    i.I2C_ITListenCplt  hal_driver.lib(stm32f0xx_hal_i2c.o)
    0x08003f84   0x000000ec   Code   RO         1274    i.I2C_ITMasterCplt  hal_driver.lib(stm32f0xx_hal_i2c.o)
    0x08004070   0x0000013c   Code   RO         1276    i.I2C_ITSlaveCplt   hal_driver.lib(stm32f0xx_hal_i2c.o)
    0x080041ac   0x00000062   Code   RO         1277    i.I2C_ITSlaveSequentialCplt  hal_driver.lib(stm32f0xx_hal_i2c.o)
    0x0800420e   0x00000002   PAD
    0x08004210   0x00000094   Code   RO         1278    i.I2C_IsAcknowledgeFailed  hal_driver.lib(stm32f0xx_hal_i2c.o)
    0x080042a4   0x00000058   Code   RO          605    i.I2C_IsDeviceReady  HFIM5_LIB.lib(i2c.o)
    0x080042fc   0x0000010a   Code   RO         1279    i.I2C_Master_ISR_DMA  hal_driver.lib(stm32f0xx_hal_i2c.o)
    0x08004406   0x00000092   Code   RO         1281    i.I2C_RequestMemoryRead  hal_driver.lib(stm32f0xx_hal_i2c.o)
    0x08004498   0x00000092   Code   RO         1282    i.I2C_RequestMemoryWrite  hal_driver.lib(stm32f0xx_hal_i2c.o)
    0x0800452a   0x0000009e   Code   RO         1283    i.I2C_Slave_ISR_DMA  hal_driver.lib(stm32f0xx_hal_i2c.o)
    0x080045c8   0x00000160   Code   RO         1284    i.I2C_Slave_ISR_IT  hal_driver.lib(stm32f0xx_hal_i2c.o)
    0x08004728   0x000000d4   Code   RO         1285    i.I2C_TransferConfig  hal_driver.lib(stm32f0xx_hal_i2c.o)
    0x080047fc   0x00000052   Code   RO         1286    i.I2C_WaitOnFlagUntilTimeout  hal_driver.lib(stm32f0xx_hal_i2c.o)
    0x0800484e   0x00000060   Code   RO         1289    i.I2C_WaitOnTXISFlagUntilTimeout  hal_driver.lib(stm32f0xx_hal_i2c.o)
    0x080048ae   0x00000002   PAD
    0x080048b0   0x0000010c   Code   RO          624    i.IC_IRQHandler     HFIM5_LIB.lib(ic.o)
    0x080049bc   0x00000034   Code   RO          215    i.Init_Thread       logic.o
    0x080049f0   0x00000002   Code   RO          461    i.NMI_Handler       HFIM5_LIB.lib(stm32f0xx_it.o)
    0x080049f2   0x00000002   PAD
    0x080049f4   0x00000078   Code   RO         1056    i.NVIC_SetPriority  hal_driver.lib(stm32f0xx_hal_cortex.o)
    0x08004a6c   0x00000048   Code   RO          314    i.OptSys            task.o
    0x08004ab4   0x00000002   Code   RO          462    i.PendSV_Handler    HFIM5_LIB.lib(stm32f0xx_it.o)
    0x08004ab6   0x00000002   PAD
    0x08004ab8   0x00000074   Code   RO          216    i.ReadCrc           logic.o
    0x08004b2c   0x00000028   Code   RO          315    i.ResetTask         task.o
    0x08004b54   0x00000070   Code   RO          316    i.RunTask           task.o
    0x08004bc4   0x00000072   Code   RO          726    i.RunTmr_Task       HFIM5_LIB.lib(scheduler.o)
    0x08004c36   0x00000002   PAD
    0x08004c38   0x0000001c   Code   RO          463    i.SPI1_IRQHandler   HFIM5_LIB.lib(stm32f0xx_it.o)
    0x08004c54   0x0000001c   Code   RO          464    i.SPI2_IRQHandler   HFIM5_LIB.lib(stm32f0xx_it.o)
    0x08004c70   0x00000002   Code   RO          465    i.SVC_Handler       HFIM5_LIB.lib(stm32f0xx_it.o)
    0x08004c72   0x00000002   PAD
    0x08004c74   0x00000078   Code   RO          727    i.Schedule          HFIM5_LIB.lib(scheduler.o)
    0x08004cec   0x00000098   Code   RO          728    i.Scheduler_Init    HFIM5_LIB.lib(scheduler.o)
    0x08004d84   0x0000000c   Code   RO          466    i.SysTick_Handler   HFIM5_LIB.lib(stm32f0xx_it.o)
    0x08004d90   0x00000078   Code   RO          181    i.SystemInit        system_stm32f0xx.o
    0x08004e08   0x0000001c   Code   RO          467    i.TIM14_IRQHandler  HFIM5_LIB.lib(stm32f0xx_it.o)
    0x08004e24   0x0000001c   Code   RO          468    i.TIM15_IRQHandler  HFIM5_LIB.lib(stm32f0xx_it.o)
    0x08004e40   0x0000001c   Code   RO          469    i.TIM16_IRQHandler  HFIM5_LIB.lib(stm32f0xx_it.o)
    0x08004e5c   0x0000001c   Code   RO          470    i.TIM17_IRQHandler  HFIM5_LIB.lib(stm32f0xx_it.o)
    0x08004e78   0x00000010   Code   RO          471    i.TIM1_CC_IRQHandler  HFIM5_LIB.lib(stm32f0xx_it.o)
    0x08004e88   0x0000000c   Code   RO          472    i.TIM2_IRQHandler   HFIM5_LIB.lib(stm32f0xx_it.o)
    0x08004e94   0x00000010   Code   RO          473    i.TIM3_IRQHandler   HFIM5_LIB.lib(stm32f0xx_it.o)
    0x08004ea4   0x000000a4   Code   RO         2329    i.TIM_Base_SetConfig  hal_driver.lib(stm32f0xx_hal_tim.o)
    0x08004f48   0x000000c4   Code   RO         2330    i.TIM_CCxChannelCmd  hal_driver.lib(stm32f0xx_hal_tim.o)
    0x0800500c   0x00000014   Code   RO          217    i.Test              logic.o
    0x08005020   0x0000001c   Code   RO          474    i.USART1_IRQHandler  HFIM5_LIB.lib(stm32f0xx_it.o)
    0x0800503c   0x0000001c   Code   RO          475    i.USART2_IRQHandler  HFIM5_LIB.lib(stm32f0xx_it.o)
    0x08005058   0x00000028   Code   RO          476    i.USART3_4_IRQHandler  HFIM5_LIB.lib(stm32f0xx_it.o)
    0x08005080   0x00000094   Code   RO          540    i.USR_GPIO_EXTI_IRQHandler  HFIM5_LIB.lib(di.o)
    0x08005114   0x000001cc   Code   RO          680    i.USR_RS485Ex_Init  HFIM5_LIB.lib(uart.o)
    0x080052e0   0x000000fc   Code   RO          652    i.USR_SPI_IRQHandler  HFIM5_LIB.lib(spi.o)
    0x080053dc   0x000000b8   Code   RO          653    i.USR_SPI_Init      HFIM5_LIB.lib(spi.o)
    0x08005494   0x000002b4   Code   RO          681    i.USR_UART_IRQHandler  HFIM5_LIB.lib(uart.o)
    0x08005748   0x00000032   Code   RO          598    i.__ARM_common_ll_muluu  HFIM5_LIB.lib(hw_tmr.o)
    0x0800577a   0x00000002   PAD
    0x0800577c   0x0000016c   Code   RO          507    i.adc_create        HFIM5_LIB.lib(adc.o)
    0x080058e8   0x00000030   Code   RO          509    i.adc_get_filter_value  HFIM5_LIB.lib(adc.o)
    0x08005918   0x00000114   Code   RO          512    i.adc_run           HFIM5_LIB.lib(adc.o)
    0x08005a2c   0x00000002   Code   RO          365    i.assert_failed     HFIM5_LIB.lib(bsp.o)
    0x08005a2e   0x00000002   PAD
    0x08005a30   0x0000009c   Code   RO          528    i.dac_create        HFIM5_LIB.lib(dac.o)
    0x08005acc   0x000000c8   Code   RO          541    i.di_config         HFIM5_LIB.lib(di.o)
    0x08005b94   0x0000004c   Code   RO          543    i.digit_in_create   HFIM5_LIB.lib(di.o)
    0x08005be0   0x0000002c   Code   RO          544    i.digit_in_filter_read  HFIM5_LIB.lib(di.o)
    0x08005c0c   0x00000084   Code   RO          547    i.digit_in_run      HFIM5_LIB.lib(di.o)
    0x08005c90   0x0000003c   Code   RO          548    i.digit_in_set_mode  HFIM5_LIB.lib(di.o)
    0x08005ccc   0x00000068   Code   RO          570    i.digit_out_create  HFIM5_LIB.lib(do.o)
    0x08005d34   0x00000038   Code   RO          571    i.digit_out_output  HFIM5_LIB.lib(do.o)
    0x08005d6c   0x0000000c   Code   RO          549    i.dis_set_exit_callback  HFIM5_LIB.lib(di.o)
    0x08005d78   0x000000ac   Code   RO          551    i.gpio_clk_enabled  HFIM5_LIB.lib(di.o)
    0x08005e24   0x00000074   Code   RO          366    i.hfim5_100ms_task  HFIM5_LIB.lib(bsp.o)
    0x08005e98   0x00000050   Code   RO          367    i.hfim5_10ms_task   HFIM5_LIB.lib(bsp.o)
    0x08005ee8   0x00000038   Code   RO          371    i.hfim5_bsp_tmr_ontime  HFIM5_LIB.lib(bsp.o)
    0x08005f20   0x00000010   Code   RO          375    i.hfim5_do_output   HFIM5_LIB.lib(bsp.o)
    0x08005f30   0x00000014   Code   RO          377    i.hfim5_eeprom_get_state  HFIM5_LIB.lib(bsp.o)
    0x08005f44   0x00000020   Code   RO          378    i.hfim5_eeprom_page_write  HFIM5_LIB.lib(bsp.o)
    0x08005f64   0x00000020   Code   RO          379    i.hfim5_eeprom_read  HFIM5_LIB.lib(bsp.o)
    0x08005f84   0x00000308   Code   RO          380    i.hfim5_init        HFIM5_LIB.lib(bsp.o)
    0x0800628c   0x00000054   Code   RO          381    i.hfim5_on_rx_a_data  HFIM5_LIB.lib(bsp.o)
    0x080062e0   0x0000002c   Code   RO          383    i.hfim5_run         HFIM5_LIB.lib(bsp.o)
    0x0800630c   0x0000004c   Code   RO          384    i.hfim5_rx_frame_callback  HFIM5_LIB.lib(bsp.o)
    0x08006358   0x00000014   Code   RO          385    i.hfim5_spi_error_callback  HFIM5_LIB.lib(bsp.o)
    0x0800636c   0x00000014   Code   RO          386    i.hfim5_spi_on_rx_a_data  HFIM5_LIB.lib(bsp.o)
    0x08006380   0x00000014   Code   RO          387    i.hfim5_spi_rx_frame_callback  HFIM5_LIB.lib(bsp.o)
    0x08006394   0x00000010   Code   RO          392    i.hfim5_spi_tx_cplt_callback  HFIM5_LIB.lib(bsp.o)
    0x080063a4   0x00000048   Code   RO          394    i.hfim5_tx_cplt_callback  HFIM5_LIB.lib(bsp.o)
    0x080063ec   0x0000004c   Code   RO          395    i.hfim5_uart_error_callback  HFIM5_LIB.lib(bsp.o)
    0x08006438   0x0000006c   Code   RO          396    i.hfim5_uart_init   HFIM5_LIB.lib(bsp.o)
    0x080064a4   0x00000010   Code   RO          402    i.hfim5_usr_tmr_ontime  HFIM5_LIB.lib(bsp.o)
    0x080064b4   0x00000014   Code   RO          403    i.hfim5_usr_tmr_run  HFIM5_LIB.lib(bsp.o)
    0x080064c8   0x0000004c   Code   RO          583    i.hw_tmr_config     HFIM5_LIB.lib(hw_tmr.o)
    0x08006514   0x000000ec   Code   RO          584    i.hw_tmr_create     HFIM5_LIB.lib(hw_tmr.o)
    0x08006600   0x00000038   Code   RO          585    i.hw_tmr_run        HFIM5_LIB.lib(hw_tmr.o)
    0x08006638   0x000001cc   Code   RO          606    i.i2c_create        HFIM5_LIB.lib(i2c.o)
    0x08006804   0x00000028   Code   RO          607    i.i2c_get_state     HFIM5_LIB.lib(i2c.o)
    0x0800682c   0x00000060   Code   RO          608    i.i2c_mem_read      HFIM5_LIB.lib(i2c.o)
    0x0800688c   0x00000060   Code   RO          609    i.i2c_mem_write     HFIM5_LIB.lib(i2c.o)
    0x080068ec   0x0000024c   Code   RO          625    i.ic_create         HFIM5_LIB.lib(ic.o)
    0x08006b38   0x00000054   Code   RO          626    i.ic_read_captured_value  HFIM5_LIB.lib(ic.o)
    0x08006b8c   0x00000070   Code   RO          627    i.ic_run            HFIM5_LIB.lib(ic.o)
    0x08006bfc   0x00000064   Code   RO          629    i.ic_stop           HFIM5_LIB.lib(ic.o)
    0x08006c60   0x0000001c   Code   RO          642    i.iwdg_feed         HFIM5_LIB.lib(iwdg.o)
    0x08006c7c   0x0000005c   Code   RO          643    i.iwdg_init         HFIM5_LIB.lib(iwdg.o)
    0x08006cd8   0x00000054   Code   RO          271    i.main              main.o
    0x08006d2c   0x0000003c   Code   RO          710    i.po_create         HFIM5_LIB.lib(phaseorder.o)
    0x08006d68   0x00000014   Code   RO          711    i.po_get_result     HFIM5_LIB.lib(phaseorder.o)
    0x08006d7c   0x000001dc   Code   RO          712    i.po_ic_callback    HFIM5_LIB.lib(phaseorder.o)
    0x08006f58   0x000000a8   Code   RO          713    i.po_run            HFIM5_LIB.lib(phaseorder.o)
    0x08007000   0x00000078   Code   RO          714    i.po_set_enable     HFIM5_LIB.lib(phaseorder.o)
    0x08007078   0x00000068   Code   RO          654    i.spi_chk_timeouts  HFIM5_LIB.lib(spi.o)
    0x080070e0   0x00000138   Code   RO          655    i.spi_create        HFIM5_LIB.lib(spi.o)
    0x08007218   0x0000006a   Code   RO          737    i.tm_config         HFIM5_LIB.lib(tachometer.o)
    0x08007282   0x00000002   PAD
    0x08007284   0x00000060   Code   RO          738    i.tm_create         HFIM5_LIB.lib(tachometer.o)
    0x080072e4   0x00000180   Code   RO          739    i.tm_exti_callback  HFIM5_LIB.lib(tachometer.o)
    0x08007464   0x00000090   Code   RO          740    i.tm_get_rpm        HFIM5_LIB.lib(tachometer.o)
    0x080074f4   0x000000b0   Code   RO          741    i.tm_run            HFIM5_LIB.lib(tachometer.o)
    0x080075a4   0x00000014   Code   RO            4    i.u10msRunTask      hw_clock.o
    0x080075b8   0x0000005e   Code   RO          682    i.uart_config       HFIM5_LIB.lib(uart.o)
    0x08007616   0x00000002   PAD
    0x08007618   0x000001a0   Code   RO          683    i.uart_create       HFIM5_LIB.lib(uart.o)
    0x080077b8   0x00000074   Code   RO          691    i.uarts_chk_timeouts  HFIM5_LIB.lib(uart.o)
    0x0800782c   0x00000010   Code   RO          272    i.usr_tmr_ontime    main.o
    0x0800783c   0x00000018   Data   RO          182    .constdata          system_stm32f0xx.o
    0x08007854   0x000000e8   Data   RO          274    .constdata          main.o
    0x0800793c   0x00000358   Data   RO          406    .constdata          HFIM5_LIB.lib(bsp.o)
    0x08007c94   0x00000009   Data   RO          716    .constdata          HFIM5_LIB.lib(phaseorder.o)
    0x08007c9d   0x00000003   PAD
    0x08007ca0   0x00000020   Data   RO         3305    Region$$Table       anon$$obj.o


    Execution Region RW_IRAM1 (Base: 0x20000000, Size: 0x000012c8, Max: 0x00004000, ABSOLUTE)

    Base Addr    Size         Type   Attr      Idx    E Section Name        Object

    0x20000000   0x0000000b   Data   RW            5    .data               hw_clock.o
    0x2000000b   0x00000001   PAD
    0x2000000c   0x00000004   Data   RW          183    .data               system_stm32f0xx.o
    0x20000010   0x00000014   Data   RW          219    .data               logic.o
    0x20000024   0x00000002   Data   RW          318    .data               task.o
    0x20000026   0x00000002   PAD
    0x20000028   0x00000020   Data   RW          407    .data               HFIM5_LIB.lib(bsp.o)
    0x20000048   0x0000000c   Data   RW          515    .data               HFIM5_LIB.lib(adc.o)
    0x20000054   0x00000002   Data   RW          532    .data               HFIM5_LIB.lib(dac.o)
    0x20000056   0x00000002   PAD
    0x20000058   0x0000000c   Data   RW          553    .data               HFIM5_LIB.lib(di.o)
    0x20000064   0x00000001   Data   RW          574    .data               HFIM5_LIB.lib(do.o)
    0x20000065   0x00000005   Data   RW          589    .data               HFIM5_LIB.lib(hw_tmr.o)
    0x2000006a   0x00000001   Data   RW          611    .data               HFIM5_LIB.lib(i2c.o)
    0x2000006b   0x0000000d   Data   RW          631    .data               HFIM5_LIB.lib(ic.o)
    0x20000078   0x00000004   Data   RW          645    .data               HFIM5_LIB.lib(iwdg.o)
    0x2000007c   0x00000003   Data   RW          664    .data               HFIM5_LIB.lib(spi.o)
    0x2000007f   0x00000005   Data   RW          693    .data               HFIM5_LIB.lib(uart.o)
    0x20000084   0x00000001   Data   RW          717    .data               HFIM5_LIB.lib(phaseorder.o)
    0x20000085   0x00000003   Data   RW          730    .data               HFIM5_LIB.lib(scheduler.o)
    0x20000088   0x00000002   Data   RW          744    .data               HFIM5_LIB.lib(tachometer.o)
    0x2000008a   0x00000002   PAD
    0x2000008c   0x00000004   Data   RW          772    .data               hal_driver.lib(stm32f0xx_hal.o)
    0x20000090   0x00000144   Zero   RW          218    .bss                logic.o
    0x200001d4   0x00000080   Zero   RW          273    .bss                main.o
    0x20000254   0x00000100   Zero   RW          317    .bss                task.o
    0x20000354   0x000000ac   Zero   RW          405    .bss                HFIM5_LIB.lib(bsp.o)
    0x20000400   0x000001ec   Zero   RW          514    .bss                HFIM5_LIB.lib(adc.o)
    0x200005ec   0x00000024   Zero   RW          531    .bss                HFIM5_LIB.lib(dac.o)
    0x20000610   0x000000c0   Zero   RW          552    .bss                HFIM5_LIB.lib(di.o)
    0x200006d0   0x00000090   Zero   RW          573    .bss                HFIM5_LIB.lib(do.o)
    0x20000760   0x00000028   Zero   RW          588    .bss                HFIM5_LIB.lib(hw_tmr.o)
    0x20000788   0x000001a0   Zero   RW          610    .bss                HFIM5_LIB.lib(i2c.o)
    0x20000928   0x00000030   Zero   RW          630    .bss                HFIM5_LIB.lib(ic.o)
    0x20000958   0x00000014   Zero   RW          644    .bss                HFIM5_LIB.lib(iwdg.o)
    0x2000096c   0x0000003c   Zero   RW          663    .bss                HFIM5_LIB.lib(spi.o)
    0x200009a8   0x00000100   Zero   RW          692    .bss                HFIM5_LIB.lib(uart.o)
    0x20000aa8   0x00000042   Zero   RW          715    .bss                HFIM5_LIB.lib(phaseorder.o)
    0x20000aea   0x000000f4   Zero   RW          729    .bss                HFIM5_LIB.lib(scheduler.o)
    0x20000bde   0x00000084   Zero   RW          743    .bss                HFIM5_LIB.lib(tachometer.o)
    0x20000c62   0x00000002   PAD
    0x20000c64   0x00000060   Zero   RW         3178    .bss                c_p.l(libspace.o)
    0x20000cc4   0x00000004   PAD
    0x20000cc8   0x00000200   Zero   RW          172    HEAP                startup_stm32f071xb.o
    0x20000ec8   0x00000400   Zero   RW          171    STACK               startup_stm32f071xb.o


==============================================================================

Image component sizes


      Code (inc. data)   RO Data    RW Data    ZI Data      Debug   Object Name

       140         28          0         11          0       9995   hw_clock.o
       316         64          0         20        324      11026   logic.o
       100         18        232          0        128       1687   main.o
        44         26        188          0       1536        352   startup_stm32f071xb.o
       120         18         24          4          0       1095   system_stm32f0xx.o
       320         24          0          2        256       3007   task.o

    ----------------------------------------------------------------------
      1040        178        476         40       2244      27162   Object Totals
         0          0         32          0          0          0   (incl. Generated)
         0          0          0          3          0          0   (incl. Padding)

    ----------------------------------------------------------------------

      Code (inc. data)   RO Data    RW Data    ZI Data      Debug   Library Member Name

       700         76          0         12        492        284   adc.o
      1702        272        856         32        172       1428   bsp.o
       156         22          0          2         36         88   dac.o
       844         86          0         12        192        612   di.o
       160         18          0          1        144        160   do.o
       470         52          0          5         40        352   hw_tmr.o
       972        150          0          1        416        624   i2c.o
      1152         82          0         13         48        360   ic.o
       120         30          0          4         20        136   iwdg.o
       844         62          9          1         66        376   phaseorder.o
       478         54          0          3        244        272   scheduler.o
       852         50          0          3         60        332   spi.o
       556         96          0          0          0       1660   stm32f0xx_it.o
       906         50          0          2        132        380   tachometer.o
      1778         84          0          5        256        380   uart.o
         8          0          0          0          0         68   __main.o
         0          0          0          0          0          0   __rtentry.o
        12          0          0          0          0          0   __rtentry2.o
         6          0          0          0          0          0   __rtentry4.o
        60          8          0          0          0          0   __scatter.o
        26          0          0          0          0          0   __scatter_copy.o
        28          0          0          0          0          0   __scatter_zi.o
       488          0          0          0          0         92   aeabi_sdivfast.o
        16          0          0          0          0         68   exit.o
         6          0          0          0          0        136   heapauxi.o
         0          0          0          0          0          0   indicate_semi.o
         2          0          0          0          0          0   libinit.o
         2          0          0          0          0          0   libinit2.o
         2          0          0          0          0          0   libshutdown.o
         2          0          0          0          0          0   libshutdown2.o
         8          4          0          0         96         68   libspace.o
       258          0          0          0          0         88   lludiv.o
         2          0          0          0          0          0   rtexit.o
        10          0          0          0          0          0   rtexit2.o
        12          4          0          0          0         60   sys_exit.o
        62          0          0          0          0         80   sys_stackheap_outer.o
         2          0          0          0          0         68   use_no_semi.o
       100         14          0          4          0     350105   stm32f0xx_hal.o
      2296        220          0          0          0       7500   stm32f0xx_hal_adc.o
       268         56          0          0          0       1222   stm32f0xx_hal_adc_ex.o
       566        240          0          0          0      11133   stm32f0xx_hal_cortex.o
       124         54          0          0          0       2101   stm32f0xx_hal_dac.o
      2120        168          0          0          0       5083   stm32f0xx_hal_dma.o
      1104        218          0          0          0       3111   stm32f0xx_hal_gpio.o
      5312        322          0          0          0      27310   stm32f0xx_hal_i2c.o
       638         84          0          0          0       3099   stm32f0xx_hal_iwdg.o
      3284        218          0          0          0       5369   stm32f0xx_hal_rcc.o
       632         68          0          0          0       1548   stm32f0xx_hal_rcc_ex.o
       360        100          0          0          0       1837   stm32f0xx_hal_tim.o

    ----------------------------------------------------------------------
     29552       2962        868        104       2420     427590   Library Totals
        46          0          3          4          6          0   (incl. Padding)

    ----------------------------------------------------------------------

      Code (inc. data)   RO Data    RW Data    ZI Data      Debug   Library Name

     11690       1184        865         96       2318       7444   HFIM5_LIB.lib
      1012         16          0          0         96        728   c_p.l
     16804       1762          0          4          0     419418   hal_driver.lib

    ----------------------------------------------------------------------
     29552       2962        868        104       2420     427590   Library Totals

    ----------------------------------------------------------------------

==============================================================================


      Code (inc. data)   RO Data    RW Data    ZI Data      Debug   

     30592       3140       1344        144       4664     445940   Grand Totals
     30592       3140       1344        144       4664     445940   ELF Image Totals
     30592       3140       1344        144          0          0   ROM Totals

==============================================================================

    Total RO  Size (Code + RO Data)                31936 (  31.19kB)
    Total RW  Size (RW Data + ZI Data)              4808 (   4.70kB)
    Total ROM Size (Code + RO Data + RW Data)      32080 (  31.33kB)

==============================================================================

